Archive member included to satisfy reference by file (symbol)

c:/st/stm32cubeclt/gnu-tools-for-stm32/bin/../lib/gcc/arm-none-eabi/10.3.1/../../../../arm-none-eabi/lib/thumb/v7e-m+fp/hard\libc_nano.a(lib_a-exit.o)
                              c:/st/stm32cubeclt/gnu-tools-for-stm32/bin/../lib/gcc/arm-none-eabi/10.3.1/../../../../arm-none-eabi/lib/thumb/v7e-m+fp/hard/crt0.o (exit)
c:/st/stm32cubeclt/gnu-tools-for-stm32/bin/../lib/gcc/arm-none-eabi/10.3.1/../../../../arm-none-eabi/lib/thumb/v7e-m+fp/hard\libc_nano.a(lib_a-impure.o)
                              c:/st/stm32cubeclt/gnu-tools-for-stm32/bin/../lib/gcc/arm-none-eabi/10.3.1/../../../../arm-none-eabi/lib/thumb/v7e-m+fp/hard\libc_nano.a(lib_a-exit.o) (_global_impure_ptr)
c:/st/stm32cubeclt/gnu-tools-for-stm32/bin/../lib/gcc/arm-none-eabi/10.3.1/../../../../arm-none-eabi/lib/thumb/v7e-m+fp/hard\libc_nano.a(lib_a-init.o)
                              c:/st/stm32cubeclt/gnu-tools-for-stm32/bin/../lib/gcc/arm-none-eabi/10.3.1/../../../../arm-none-eabi/lib/thumb/v7e-m+fp/hard/crt0.o (__libc_init_array)
c:/st/stm32cubeclt/gnu-tools-for-stm32/bin/../lib/gcc/arm-none-eabi/10.3.1/../../../../arm-none-eabi/lib/thumb/v7e-m+fp/hard\libc_nano.a(lib_a-memset.o)
                              c:/st/stm32cubeclt/gnu-tools-for-stm32/bin/../lib/gcc/arm-none-eabi/10.3.1/../../../../arm-none-eabi/lib/thumb/v7e-m+fp/hard/crt0.o (memset)
c:/st/stm32cubeclt/gnu-tools-for-stm32/bin/../lib/gcc/arm-none-eabi/10.3.1/../../../../arm-none-eabi/lib/thumb/v7e-m+fp/hard\libnosys.a(_exit.o)
                              c:/st/stm32cubeclt/gnu-tools-for-stm32/bin/../lib/gcc/arm-none-eabi/10.3.1/../../../../arm-none-eabi/lib/thumb/v7e-m+fp/hard\libc_nano.a(lib_a-exit.o) (_exit)
c:/st/stm32cubeclt/gnu-tools-for-stm32/bin/../lib/gcc/arm-none-eabi/10.3.1/thumb/v7e-m+fp/hard\libgcc.a(_aeabi_uldivmod.o)
                              build/stm32f4xx_hal_rcc.o (__aeabi_uldivmod)
c:/st/stm32cubeclt/gnu-tools-for-stm32/bin/../lib/gcc/arm-none-eabi/10.3.1/thumb/v7e-m+fp/hard\libgcc.a(_udivmoddi4.o)
                              c:/st/stm32cubeclt/gnu-tools-for-stm32/bin/../lib/gcc/arm-none-eabi/10.3.1/thumb/v7e-m+fp/hard\libgcc.a(_aeabi_uldivmod.o) (__udivmoddi4)
c:/st/stm32cubeclt/gnu-tools-for-stm32/bin/../lib/gcc/arm-none-eabi/10.3.1/thumb/v7e-m+fp/hard\libgcc.a(_dvmd_tls.o)
                              c:/st/stm32cubeclt/gnu-tools-for-stm32/bin/../lib/gcc/arm-none-eabi/10.3.1/thumb/v7e-m+fp/hard\libgcc.a(_aeabi_uldivmod.o) (__aeabi_ldiv0)

Discarded input sections

 .text          0x0000000000000000        0x0 c:/st/stm32cubeclt/gnu-tools-for-stm32/bin/../lib/gcc/arm-none-eabi/10.3.1/thumb/v7e-m+fp/hard/crti.o
 .data          0x0000000000000000        0x0 c:/st/stm32cubeclt/gnu-tools-for-stm32/bin/../lib/gcc/arm-none-eabi/10.3.1/thumb/v7e-m+fp/hard/crti.o
 .bss           0x0000000000000000        0x0 c:/st/stm32cubeclt/gnu-tools-for-stm32/bin/../lib/gcc/arm-none-eabi/10.3.1/thumb/v7e-m+fp/hard/crti.o
 .data          0x0000000000000000        0x4 c:/st/stm32cubeclt/gnu-tools-for-stm32/bin/../lib/gcc/arm-none-eabi/10.3.1/thumb/v7e-m+fp/hard/crtbegin.o
 .rodata        0x0000000000000000       0x24 c:/st/stm32cubeclt/gnu-tools-for-stm32/bin/../lib/gcc/arm-none-eabi/10.3.1/thumb/v7e-m+fp/hard/crtbegin.o
 .text          0x0000000000000000       0x7c c:/st/stm32cubeclt/gnu-tools-for-stm32/bin/../lib/gcc/arm-none-eabi/10.3.1/../../../../arm-none-eabi/lib/thumb/v7e-m+fp/hard/crt0.o
 .data          0x0000000000000000        0x0 c:/st/stm32cubeclt/gnu-tools-for-stm32/bin/../lib/gcc/arm-none-eabi/10.3.1/../../../../arm-none-eabi/lib/thumb/v7e-m+fp/hard/crt0.o
 .bss           0x0000000000000000        0x0 c:/st/stm32cubeclt/gnu-tools-for-stm32/bin/../lib/gcc/arm-none-eabi/10.3.1/../../../../arm-none-eabi/lib/thumb/v7e-m+fp/hard/crt0.o
 .ARM.extab     0x0000000000000000        0x0 c:/st/stm32cubeclt/gnu-tools-for-stm32/bin/../lib/gcc/arm-none-eabi/10.3.1/../../../../arm-none-eabi/lib/thumb/v7e-m+fp/hard/crt0.o
 .ARM.exidx     0x0000000000000000       0x10 c:/st/stm32cubeclt/gnu-tools-for-stm32/bin/../lib/gcc/arm-none-eabi/10.3.1/../../../../arm-none-eabi/lib/thumb/v7e-m+fp/hard/crt0.o
 .ARM.attributes
                0x0000000000000000       0x1c c:/st/stm32cubeclt/gnu-tools-for-stm32/bin/../lib/gcc/arm-none-eabi/10.3.1/../../../../arm-none-eabi/lib/thumb/v7e-m+fp/hard/crt0.o
 .text          0x0000000000000000        0x0 build/main.o
 .data          0x0000000000000000        0x0 build/main.o
 .bss           0x0000000000000000        0x0 build/main.o
 .text          0x0000000000000000        0x0 build/gpio.o
 .data          0x0000000000000000        0x0 build/gpio.o
 .bss           0x0000000000000000        0x0 build/gpio.o
 .text          0x0000000000000000        0x0 build/rtc.o
 .data          0x0000000000000000        0x0 build/rtc.o
 .bss           0x0000000000000000        0x0 build/rtc.o
 .text.HAL_RTC_MspDeInit
                0x0000000000000000       0x1c build/rtc.o
[...]
Memory Configuration

Name             Origin             Length             Attributes
RAM              0x0000000020000000 0x0000000000018000 xrw
FLASH            0x0000000008000000 0x0000000000080000 xr
*default*        0x0000000000000000 0xffffffffffffffff

Linker script and memory map

LOAD c:/st/stm32cubeclt/gnu-tools-for-stm32/bin/../lib/gcc/arm-none-eabi/10.3.1/thumb/v7e-m+fp/hard/crti.o
LOAD c:/st/stm32cubeclt/gnu-tools-for-stm32/bin/../lib/gcc/arm-none-eabi/10.3.1/thumb/v7e-m+fp/hard/crtbegin.o
LOAD c:/st/stm32cubeclt/gnu-tools-for-stm32/bin/../lib/gcc/arm-none-eabi/10.3.1/../../../../arm-none-eabi/lib/thumb/v7e-m+fp/hard/crt0.o
LOAD build/main.o
LOAD build/gpio.o
LOAD build/rtc.o
LOAD build/usart.o
LOAD build/stm32f4xx_it.o
LOAD build/stm32f4xx_hal_msp.o
LOAD build/stm32f4xx_hal_timebase_tim.o
LOAD build/stm32f4xx_hal_rtc.o
LOAD build/stm32f4xx_hal_rtc_ex.o
LOAD build/stm32f4xx_hal_rcc.o
LOAD build/stm32f4xx_hal_rcc_ex.o
LOAD build/stm32f4xx_hal_flash.o
LOAD build/stm32f4xx_hal_flash_ex.o
LOAD build/stm32f4xx_hal_flash_ramfunc.o
LOAD build/stm32f4xx_hal_gpio.o
LOAD build/stm32f4xx_hal_dma_ex.o
LOAD build/stm32f4xx_hal_dma.o
LOAD build/stm32f4xx_hal_pwr.o
LOAD build/stm32f4xx_hal_pwr_ex.o
LOAD build/stm32f4xx_hal_cortex.o
LOAD build/stm32f4xx_hal.o
LOAD build/stm32f4xx_hal_exti.o
LOAD build/stm32f4xx_hal_tim.o
LOAD build/stm32f4xx_hal_tim_ex.o
LOAD build/stm32f4xx_hal_uart.o
LOAD build/system_stm32f4xx.o
LOAD build/startup_stm32f401xe.o
LOAD c:/st/stm32cubeclt/gnu-tools-for-stm32/bin/../lib/gcc/arm-none-eabi/10.3.1/../../../../arm-none-eabi/lib/thumb/v7e-m+fp/hard\libc_nano.a
LOAD c:/st/stm32cubeclt/gnu-tools-for-stm32/bin/../lib/gcc/arm-none-eabi/10.3.1/../../../../arm-none-eabi/lib/thumb/v7e-m+fp/hard\libm.a
LOAD c:/st/stm32cubeclt/gnu-tools-for-stm32/bin/../lib/gcc/arm-none-eabi/10.3.1/../../../../arm-none-eabi/lib/thumb/v7e-m+fp/hard\libnosys.a
START GROUP
LOAD c:/st/stm32cubeclt/gnu-tools-for-stm32/bin/../lib/gcc/arm-none-eabi/10.3.1/thumb/v7e-m+fp/hard\libgcc.a
LOAD c:/st/stm32cubeclt/gnu-tools-for-stm32/bin/../lib/gcc/arm-none-eabi/10.3.1/../../../../arm-none-eabi/lib/thumb/v7e-m+fp/hard\libc_nano.a
END GROUP
START GROUP
LOAD c:/st/stm32cubeclt/gnu-tools-for-stm32/bin/../lib/gcc/arm-none-eabi/10.3.1/thumb/v7e-m+fp/hard\libgcc.a
LOAD c:/st/stm32cubeclt/gnu-tools-for-stm32/bin/../lib/gcc/arm-none-eabi/10.3.1/../../../../arm-none-eabi/lib/thumb/v7e-m+fp/hard\libc_nano.a
END GROUP
LOAD c:/st/stm32cubeclt/gnu-tools-for-stm32/bin/../lib/gcc/arm-none-eabi/10.3.1/thumb/v7e-m+fp/hard/crtend.o
LOAD c:/st/stm32cubeclt/gnu-tools-for-stm32/bin/../lib/gcc/arm-none-eabi/10.3.1/thumb/v7e-m+fp/hard/crtn.o
                0x0000000020018000                _estack = (ORIGIN (RAM) + LENGTH (RAM))
                0x0000000000000200                _Min_Heap_Size = 0x200
                0x0000000000000400                _Min_Stack_Size = 0x400

.isr_vector     0x0000000008000000      0x194
                0x0000000008000000                . = ALIGN (0x4)
 *(.isr_vector)
 .isr_vector    0x0000000008000000      0x194 build/startup_stm32f401xe.o
                0x0000000008000000                g_pfnVectors
                0x0000000008000194                . = ALIGN (0x4)

.text           0x0000000008000194     0x1e40
                0x0000000008000194                . = ALIGN (0x4)
 *(.text)
 .text          0x0000000008000194       0x40 c:/st/stm32cubeclt/gnu-tools-for-stm32/bin/../lib/gcc/arm-none-eabi/10.3.1/thumb/v7e-m+fp/hard/crtbegin.o
 .text          0x00000000080001d4       0x30 c:/st/stm32cubeclt/gnu-tools-for-stm32/bin/../lib/gcc/arm-none-eabi/10.3.1/thumb/v7e-m+fp/hard\libgcc.a(_aeabi_uldivmod.o)
                0x00000000080001d4                __aeabi_uldivmod
 .text          0x0000000008000204      0x2d0 c:/st/stm32cubeclt/gnu-tools-for-stm32/bin/../lib/gcc/arm-none-eabi/10.3.1/thumb/v7e-m+fp/hard\libgcc.a(_udivmoddi4.o)
                0x0000000008000204                __udivmoddi4
 .text          0x00000000080004d4        0x4 c:/st/stm32cubeclt/gnu-tools-for-stm32/bin/../lib/gcc/arm-none-eabi/10.3.1/thumb/v7e-m+fp/hard\libgcc.a(_dvmd_tls.o)
                0x00000000080004d4                __aeabi_idiv0
                0x00000000080004d4                __aeabi_ldiv0
 *(.text*)
 .text.HAL_UART_TxCpltCallback
                0x00000000080004d8       0x24 build/main.o
                0x00000000080004d8                HAL_UART_TxCpltCallback
 .text.HAL_TIM_PeriodElapsedCallback
                0x00000000080004fc       0x18 build/main.o
                0x00000000080004fc                HAL_TIM_PeriodElapsedCallback
 .text.Error_Handler
                0x0000000008000514        0x4 build/main.o
                0x0000000008000514                Error_Handler
 .text.SystemClock_Config
                0x0000000008000518       0x90 build/main.o
                0x0000000008000518                SystemClock_Config
 .text.main     0x00000000080005a8       0x3c build/main.o
                0x00000000080005a8                main
 .text.MX_GPIO_Init
                0x00000000080005e4       0xf8 build/gpio.o
                0x00000000080005e4                MX_GPIO_Init
 .text.MX_RTC_Init
                0x00000000080006dc       0x30 build/rtc.o
                0x00000000080006dc                MX_RTC_Init
 .text.HAL_RTC_MspInit
                0x000000000800070c       0x48 build/rtc.o
                0x000000000800070c                HAL_RTC_MspInit
 .text.MX_USART2_UART_Init
                0x0000000008000754       0x34 build/usart.o
                0x0000000008000754                MX_USART2_UART_Init
 .text.HAL_UART_MspInit
                0x0000000008000788       0x7c build/usart.o
                0x0000000008000788                HAL_UART_MspInit
 .text.NMI_Handler
                0x0000000008000804        0x2 build/stm32f4xx_it.o
                0x0000000008000804                NMI_Handler
 .text.HardFault_Handler
                0x0000000008000806        0x2 build/stm32f4xx_it.o
                0x0000000008000806                HardFault_Handler
 .text.MemManage_Handler
                0x0000000008000808        0x2 build/stm32f4xx_it.o
                0x0000000008000808                MemManage_Handler
 .text.BusFault_Handler
                0x000000000800080a        0x2 build/stm32f4xx_it.o
                0x000000000800080a                BusFault_Handler
 .text.UsageFault_Handler
                0x000000000800080c        0x2 build/stm32f4xx_it.o
                0x000000000800080c                UsageFault_Handler
 .text.SVC_Handler
                0x000000000800080e        0x2 build/stm32f4xx_it.o
                0x000000000800080e                SVC_Handler
 .text.DebugMon_Handler
                0x0000000008000810        0x2 build/stm32f4xx_it.o
                0x0000000008000810                DebugMon_Handler
 .text.PendSV_Handler
                0x0000000008000812        0x2 build/stm32f4xx_it.o
                0x0000000008000812                PendSV_Handler
 .text.SysTick_Handler
                0x0000000008000814        0x2 build/stm32f4xx_it.o
                0x0000000008000814                SysTick_Handler
 *fill*         0x0000000008000816        0x2 
 .text.USART2_IRQHandler
                0x0000000008000818       0x10 build/stm32f4xx_it.o
                0x0000000008000818                USART2_IRQHandler
 .text.TIM5_IRQHandler
                0x0000000008000828       0x10 build/stm32f4xx_it.o
                0x0000000008000828                TIM5_IRQHandler
 .text.HAL_MspInit
                0x0000000008000838       0x38 build/stm32f4xx_hal_msp.o
                0x0000000008000838                HAL_MspInit
 .text.HAL_InitTick
                0x0000000008000870       0xa4 build/stm32f4xx_hal_timebase_tim.o
                0x0000000008000870                HAL_InitTick
 .text.HAL_RTC_WaitForSynchro
                0x0000000008000914       0x34 build/stm32f4xx_hal_rtc.o
                0x0000000008000914                HAL_RTC_WaitForSynchro
 .text.RTC_EnterInitMode
                0x0000000008000948       0x46 build/stm32f4xx_hal_rtc.o
                0x0000000008000948                RTC_EnterInitMode
 .text.RTC_ExitInitMode
                0x000000000800098e       0x2a build/stm32f4xx_hal_rtc.o
                0x000000000800098e                RTC_ExitInitMode
 .text.HAL_RTC_Init
                0x00000000080009b8       0x9c build/stm32f4xx_hal_rtc.o
                0x00000000080009b8                HAL_RTC_Init
 .text.HAL_RCC_OscConfig
                0x0000000008000a54      0x3f8 build/stm32f4xx_hal_rcc.o
                0x0000000008000a54                HAL_RCC_OscConfig
 .text.HAL_RCC_GetSysClockFreq
                0x0000000008000e4c       0xa4 build/stm32f4xx_hal_rcc.o
                0x0000000008000e4c                HAL_RCC_GetSysClockFreq
 .text.HAL_RCC_ClockConfig
                0x0000000008000ef0      0x160 build/stm32f4xx_hal_rcc.o
                0x0000000008000ef0                HAL_RCC_ClockConfig
 .text.HAL_RCC_GetHCLKFreq
                0x0000000008001050        0xc build/stm32f4xx_hal_rcc.o
                0x0000000008001050                HAL_RCC_GetHCLKFreq
 .text.HAL_RCC_GetPCLK1Freq
                0x000000000800105c       0x20 build/stm32f4xx_hal_rcc.o
                0x000000000800105c                HAL_RCC_GetPCLK1Freq
 .text.HAL_RCC_GetPCLK2Freq
                0x000000000800107c       0x20 build/stm32f4xx_hal_rcc.o
                0x000000000800107c                HAL_RCC_GetPCLK2Freq
 .text.HAL_RCC_GetClockConfig
                0x000000000800109c       0x3c build/stm32f4xx_hal_rcc.o
                0x000000000800109c                HAL_RCC_GetClockConfig
 .text.HAL_RCCEx_PeriphCLKConfig
                0x00000000080010d8      0x16c build/stm32f4xx_hal_rcc_ex.o
                0x00000000080010d8                HAL_RCCEx_PeriphCLKConfig
 .text.HAL_GPIO_Init
                0x0000000008001244      0x1c0 build/stm32f4xx_hal_gpio.o
                0x0000000008001244                HAL_GPIO_Init
 .text.HAL_GPIO_WritePin
                0x0000000008001404        0xc build/stm32f4xx_hal_gpio.o
                0x0000000008001404                HAL_GPIO_WritePin
 .text.HAL_GPIO_TogglePin
                0x0000000008001410       0x12 build/stm32f4xx_hal_gpio.o
                0x0000000008001410                HAL_GPIO_TogglePin
 .text.HAL_DMA_Abort
                0x0000000008001422       0x94 build/stm32f4xx_hal_dma.o
                0x0000000008001422                HAL_DMA_Abort
 .text.HAL_DMA_Abort_IT
                0x00000000080014b6       0x26 build/stm32f4xx_hal_dma.o
                0x00000000080014b6                HAL_DMA_Abort_IT
 .text.HAL_NVIC_SetPriorityGrouping
                0x00000000080014dc       0x24 build/stm32f4xx_hal_cortex.o
                0x00000000080014dc                HAL_NVIC_SetPriorityGrouping
 .text.HAL_NVIC_SetPriority
                0x0000000008001500       0x70 build/stm32f4xx_hal_cortex.o
                0x0000000008001500                HAL_NVIC_SetPriority
 .text.HAL_NVIC_EnableIRQ
                0x0000000008001570       0x1c build/stm32f4xx_hal_cortex.o
                0x0000000008001570                HAL_NVIC_EnableIRQ
 .text.HAL_Init
                0x000000000800158c       0x34 build/stm32f4xx_hal.o
                0x000000000800158c                HAL_Init
 .text.HAL_IncTick
                0x00000000080015c0       0x18 build/stm32f4xx_hal.o
                0x00000000080015c0                HAL_IncTick
 .text.HAL_GetTick
                0x00000000080015d8        0xc build/stm32f4xx_hal.o
                0x00000000080015d8                HAL_GetTick
 .text.HAL_Delay
                0x00000000080015e4       0x28 build/stm32f4xx_hal.o
                0x00000000080015e4                HAL_Delay
 .text.HAL_TIM_Base_MspInit
                0x000000000800160c        0x2 build/stm32f4xx_hal_tim.o
                0x000000000800160c                HAL_TIM_Base_MspInit
 *fill*         0x000000000800160e        0x2 
 .text.HAL_TIM_Base_Start_IT
                0x0000000008001610       0x78 build/stm32f4xx_hal_tim.o
                0x0000000008001610                HAL_TIM_Base_Start_IT
 .text.HAL_TIM_OC_DelayElapsedCallback
                0x0000000008001688        0x2 build/stm32f4xx_hal_tim.o
                0x0000000008001688                HAL_TIM_OC_DelayElapsedCallback
 .text.HAL_TIM_IC_CaptureCallback
                0x000000000800168a        0x2 build/stm32f4xx_hal_tim.o
                0x000000000800168a                HAL_TIM_IC_CaptureCallback
 .text.HAL_TIM_PWM_PulseFinishedCallback
                0x000000000800168c        0x2 build/stm32f4xx_hal_tim.o
                0x000000000800168c                HAL_TIM_PWM_PulseFinishedCallback
 .text.HAL_TIM_TriggerCallback
                0x000000000800168e        0x2 build/stm32f4xx_hal_tim.o
                0x000000000800168e                HAL_TIM_TriggerCallback
 .text.HAL_TIM_IRQHandler
                0x0000000008001690      0x15e build/stm32f4xx_hal_tim.o
                0x0000000008001690                HAL_TIM_IRQHandler
 *fill*         0x00000000080017ee        0x2 
 .text.TIM_Base_SetConfig
                0x00000000080017f0       0xac build/stm32f4xx_hal_tim.o
                0x00000000080017f0                TIM_Base_SetConfig
 .text.HAL_TIM_Base_Init
                0x000000000800189c       0x58 build/stm32f4xx_hal_tim.o
                0x000000000800189c                HAL_TIM_Base_Init
 .text.HAL_TIMEx_CommutCallback
                0x00000000080018f4        0x2 build/stm32f4xx_hal_tim_ex.o
                0x00000000080018f4                HAL_TIMEx_CommutCallback
 .text.HAL_TIMEx_BreakCallback
                0x00000000080018f6        0x2 build/stm32f4xx_hal_tim_ex.o
                0x00000000080018f6                HAL_TIMEx_BreakCallback
 .text.UART_EndRxTransfer
                0x00000000080018f8       0x5c build/stm32f4xx_hal_uart.o
 .text.UART_Transmit_IT
                0x0000000008001954       0x60 build/stm32f4xx_hal_uart.o
 .text.UART_SetConfig
                0x00000000080019b4      0x110 build/stm32f4xx_hal_uart.o
 .text.HAL_UART_Init
                0x0000000008001ac4       0x60 build/stm32f4xx_hal_uart.o
                0x0000000008001ac4                HAL_UART_Init
 .text.HAL_UART_Transmit_IT
                0x0000000008001b24       0x38 build/stm32f4xx_hal_uart.o
                0x0000000008001b24                HAL_UART_Transmit_IT
 .text.UART_EndTransmit_IT
                0x0000000008001b5c       0x1a build/stm32f4xx_hal_uart.o
 .text.HAL_UART_RxCpltCallback
                0x0000000008001b76        0x2 build/stm32f4xx_hal_uart.o
                0x0000000008001b76                HAL_UART_RxCpltCallback
 .text.HAL_UART_ErrorCallback
                0x0000000008001b78        0x2 build/stm32f4xx_hal_uart.o
                0x0000000008001b78                HAL_UART_ErrorCallback
 .text.UART_DMAAbortOnError
                0x0000000008001b7a       0x10 build/stm32f4xx_hal_uart.o
 .text.HAL_UARTEx_RxEventCallback
                0x0000000008001b8a        0x2 build/stm32f4xx_hal_uart.o
                0x0000000008001b8a                HAL_UARTEx_RxEventCallback
 .text.UART_Receive_IT
                0x0000000008001b8c       0xe6 build/stm32f4xx_hal_uart.o
 *fill*         0x0000000008001c72        0x2 
 .text.HAL_UART_IRQHandler
                0x0000000008001c74      0x288 build/stm32f4xx_hal_uart.o
                0x0000000008001c74                HAL_UART_IRQHandler
 .text.SystemInit
                0x0000000008001efc       0x14 build/system_stm32f4xx.o
                0x0000000008001efc                SystemInit
 .text.Reset_Handler
                0x0000000008001f10       0x50 build/startup_stm32f401xe.o
                0x0000000008001f10                Reset_Handler
 .text.Default_Handler
                0x0000000008001f60        0x2 build/startup_stm32f401xe.o
                0x0000000008001f60                RTC_Alarm_IRQHandler
                0x0000000008001f60                EXTI2_IRQHandler
                0x0000000008001f60                SPI4_IRQHandler
                0x0000000008001f60                TIM1_CC_IRQHandler
                0x0000000008001f60                DMA2_Stream5_IRQHandler
                0x0000000008001f60                DMA1_Stream5_IRQHandler
                0x0000000008001f60                PVD_IRQHandler
                0x0000000008001f60                SDIO_IRQHandler
                0x0000000008001f60                TAMP_STAMP_IRQHandler
                0x0000000008001f60                EXTI3_IRQHandler
                0x0000000008001f60                TIM1_UP_TIM10_IRQHandler
                0x0000000008001f60                I2C3_ER_IRQHandler
                0x0000000008001f60                EXTI0_IRQHandler
                0x0000000008001f60                I2C2_EV_IRQHandler
                0x0000000008001f60                DMA1_Stream2_IRQHandler
                0x0000000008001f60                FPU_IRQHandler
                0x0000000008001f60                DMA2_Stream2_IRQHandler
                0x0000000008001f60                SPI1_IRQHandler
                0x0000000008001f60                TIM1_BRK_TIM9_IRQHandler
                0x0000000008001f60                DMA2_Stream3_IRQHandler
                0x0000000008001f60                USART6_IRQHandler
                0x0000000008001f60                DMA2_Stream0_IRQHandler
                0x0000000008001f60                TIM4_IRQHandler
                0x0000000008001f60                I2C1_EV_IRQHandler
                0x0000000008001f60                DMA1_Stream6_IRQHandler
                0x0000000008001f60                DMA1_Stream1_IRQHandler
                0x0000000008001f60                TIM3_IRQHandler
                0x0000000008001f60                RCC_IRQHandler
                0x0000000008001f60                Default_Handler
                0x0000000008001f60                EXTI15_10_IRQHandler
                0x0000000008001f60                ADC_IRQHandler
                0x0000000008001f60                DMA1_Stream7_IRQHandler
                0x0000000008001f60                DMA2_Stream7_IRQHandler
                0x0000000008001f60                I2C3_EV_IRQHandler
                0x0000000008001f60                EXTI9_5_IRQHandler
                0x0000000008001f60                RTC_WKUP_IRQHandler
                0x0000000008001f60                SPI2_IRQHandler
                0x0000000008001f60                DMA1_Stream0_IRQHandler
                0x0000000008001f60                EXTI4_IRQHandler
                0x0000000008001f60                WWDG_IRQHandler
                0x0000000008001f60                TIM2_IRQHandler
                0x0000000008001f60                OTG_FS_WKUP_IRQHandler
                0x0000000008001f60                TIM1_TRG_COM_TIM11_IRQHandler
                0x0000000008001f60                EXTI1_IRQHandler
                0x0000000008001f60                I2C2_ER_IRQHandler
                0x0000000008001f60                DMA2_Stream1_IRQHandler
                0x0000000008001f60                FLASH_IRQHandler
                0x0000000008001f60                DMA2_Stream4_IRQHandler
                0x0000000008001f60                USART1_IRQHandler
                0x0000000008001f60                OTG_FS_IRQHandler
                0x0000000008001f60                SPI3_IRQHandler
                0x0000000008001f60                DMA1_Stream4_IRQHandler
                0x0000000008001f60                I2C1_ER_IRQHandler
                0x0000000008001f60                DMA2_Stream6_IRQHandler
                0x0000000008001f60                DMA1_Stream3_IRQHandler
 *fill*         0x0000000008001f62        0x2 
 .text.__libc_init_array
                0x0000000008001f64       0x48 c:/st/stm32cubeclt/gnu-tools-for-stm32/bin/../lib/gcc/arm-none-eabi/10.3.1/../../../../arm-none-eabi/lib/thumb/v7e-m+fp/hard\libc_nano.a(lib_a-init.o)
                0x0000000008001f64                __libc_init_array
 .text.memset   0x0000000008001fac       0x10 c:/st/stm32cubeclt/gnu-tools-for-stm32/bin/../lib/gcc/arm-none-eabi/10.3.1/../../../../arm-none-eabi/lib/thumb/v7e-m+fp/hard\libc_nano.a(lib_a-memset.o)
                0x0000000008001fac                memset
 *(.glue_7)
 .glue_7        0x0000000008001fbc        0x0 linker stubs
 *(.glue_7t)
 .glue_7t       0x0000000008001fbc        0x0 linker stubs
 *(.eh_frame)
 .eh_frame      0x0000000008001fbc        0x0 c:/st/stm32cubeclt/gnu-tools-for-stm32/bin/../lib/gcc/arm-none-eabi/10.3.1/thumb/v7e-m+fp/hard/crtbegin.o
 *(.init)
 .init          0x0000000008001fbc        0x4 c:/st/stm32cubeclt/gnu-tools-for-stm32/bin/../lib/gcc/arm-none-eabi/10.3.1/thumb/v7e-m+fp/hard/crti.o
                0x0000000008001fbc                _init
 .init          0x0000000008001fc0        0x8 c:/st/stm32cubeclt/gnu-tools-for-stm32/bin/../lib/gcc/arm-none-eabi/10.3.1/thumb/v7e-m+fp/hard/crtn.o
 *(.fini)
 .fini          0x0000000008001fc8        0x4 c:/st/stm32cubeclt/gnu-tools-for-stm32/bin/../lib/gcc/arm-none-eabi/10.3.1/thumb/v7e-m+fp/hard/crti.o
                0x0000000008001fc8                _fini
 .fini          0x0000000008001fcc        0x8 c:/st/stm32cubeclt/gnu-tools-for-stm32/bin/../lib/gcc/arm-none-eabi/10.3.1/thumb/v7e-m+fp/hard/crtn.o
                0x0000000008001fd4                . = ALIGN (0x4)
                0x0000000008001fd4                _etext = .

.vfp11_veneer   0x0000000008001fd4        0x0
 .vfp11_veneer  0x0000000008001fd4        0x0 linker stubs

.v4_bx          0x0000000008001fd4        0x0
 .v4_bx         0x0000000008001fd4        0x0 linker stubs

.iplt           0x0000000008001fd4        0x0
 .iplt          0x0000000008001fd4        0x0 c:/st/stm32cubeclt/gnu-tools-for-stm32/bin/../lib/gcc/arm-none-eabi/10.3.1/thumb/v7e-m+fp/hard/crtbegin.o

.rodata         0x0000000008001fd4       0x18
                0x0000000008001fd4                . = ALIGN (0x4)
 *(.rodata)
 *(.rodata*)
 .rodata.AHBPrescTable
                0x0000000008001fd4       0x10 build/system_stm32f4xx.o
                0x0000000008001fd4                AHBPrescTable
 .rodata.APBPrescTable
                0x0000000008001fe4        0x8 build/system_stm32f4xx.o
                0x0000000008001fe4                APBPrescTable
                0x0000000008001fec                . = ALIGN (0x4)

.ARM.extab
 *(.ARM.extab* .gnu.linkonce.armextab.*)

.ARM            0x0000000008001fec        0x8
                0x0000000008001fec                __exidx_start = .
 *(.ARM.exidx*)
 .ARM.exidx     0x0000000008001fec        0x8 c:/st/stm32cubeclt/gnu-tools-for-stm32/bin/../lib/gcc/arm-none-eabi/10.3.1/thumb/v7e-m+fp/hard\libgcc.a(_udivmoddi4.o)
                0x0000000008001ff4                __exidx_end = .

.rel.dyn        0x0000000008001ff4        0x0
 .rel.iplt      0x0000000008001ff4        0x0 c:/st/stm32cubeclt/gnu-tools-for-stm32/bin/../lib/gcc/arm-none-eabi/10.3.1/thumb/v7e-m+fp/hard/crtbegin.o

.preinit_array  0x0000000008001ff4        0x0
                0x0000000008001ff4                PROVIDE (__preinit_array_start = .)
 *(.preinit_array*)
                0x0000000008001ff4                PROVIDE (__preinit_array_end = .)

.init_array     0x0000000008001ff4        0x4
                0x0000000008001ff4                PROVIDE (__init_array_start = .)
 *(SORT_BY_NAME(.init_array.*))
 *(.init_array*)
 .init_array    0x0000000008001ff4        0x4 c:/st/stm32cubeclt/gnu-tools-for-stm32/bin/../lib/gcc/arm-none-eabi/10.3.1/thumb/v7e-m+fp/hard/crtbegin.o
                0x0000000008001ff8                PROVIDE (__init_array_end = .)

.fini_array     0x0000000008001ff8        0x4
                [!provide]                        PROVIDE (__fini_array_start = .)
 *(SORT_BY_NAME(.fini_array.*))
 *(.fini_array*)
 .fini_array    0x0000000008001ff8        0x4 c:/st/stm32cubeclt/gnu-tools-for-stm32/bin/../lib/gcc/arm-none-eabi/10.3.1/thumb/v7e-m+fp/hard/crtbegin.o
                [!provide]                        PROVIDE (__fini_array_end = .)
                0x0000000008001ffc                _sidata = LOADADDR (.data)

.data           0x0000000020000000       0x28 load address 0x0000000008001ffc
                0x0000000020000000                . = ALIGN (0x4)
                0x0000000020000000                _sdata = .
 *(.data)
 *(.data*)
 .data.msg      0x0000000020000000       0x1e build/main.o
                0x0000000020000000                msg
 .data.uwTickFreq
                0x000000002000001e        0x1 build/stm32f4xx_hal.o
                0x000000002000001e                uwTickFreq
 *fill*         0x000000002000001f        0x1 
 .data.uwTickPrio
                0x0000000020000020        0x4 build/stm32f4xx_hal.o
                0x0000000020000020                uwTickPrio
 .data.SystemCoreClock
                0x0000000020000024        0x4 build/system_stm32f4xx.o
                0x0000000020000024                SystemCoreClock
                0x0000000020000028                . = ALIGN (0x4)
                0x0000000020000028                _edata = .

.igot.plt       0x0000000020000028        0x0 load address 0x0000000008002024
 .igot.plt      0x0000000020000028        0x0 c:/st/stm32cubeclt/gnu-tools-for-stm32/bin/../lib/gcc/arm-none-eabi/10.3.1/thumb/v7e-m+fp/hard/crtbegin.o
                0x0000000020000028                . = ALIGN (0x4)

.bss            0x0000000020000028       0xd0 load address 0x0000000008002024
                0x0000000020000028                _sbss = .
                0x0000000020000028                __bss_start__ = _sbss
 *(.bss)
 .bss           0x0000000020000028       0x1c c:/st/stm32cubeclt/gnu-tools-for-stm32/bin/../lib/gcc/arm-none-eabi/10.3.1/thumb/v7e-m+fp/hard/crtbegin.o
 *(.bss*)
 .bss.hrtc      0x0000000020000044       0x20 build/rtc.o
                0x0000000020000044                hrtc
 .bss.huart2    0x0000000020000064       0x48 build/usart.o
                0x0000000020000064                huart2
 .bss.htim5     0x00000000200000ac       0x48 build/stm32f4xx_hal_timebase_tim.o
                0x00000000200000ac                htim5
 .bss.uwTick    0x00000000200000f4        0x4 build/stm32f4xx_hal.o
                0x00000000200000f4                uwTick
 *(COMMON)
                0x00000000200000f8                . = ALIGN (0x4)
                0x00000000200000f8                _ebss = .
                0x00000000200000f8                __bss_end__ = _ebss

._user_heap_stack
                0x00000000200000f8      0x600 load address 0x0000000008002024
                0x00000000200000f8                . = ALIGN (0x8)
                [!provide]                        PROVIDE (end = .)
                [!provide]                        PROVIDE (_end = .)
                0x00000000200002f8                . = (. + _Min_Heap_Size)
 *fill*         0x00000000200000f8      0x200 
                0x00000000200006f8                . = (. + _Min_Stack_Size)
 *fill*         0x00000000200002f8      0x400 
                0x00000000200006f8                . = ALIGN (0x8)

/DISCARD/
 libc.a(*)
 libm.a(*)
 libgcc.a(*)

.ARM.attributes
                0x0000000000000000       0x30
 *(.ARM.attributes)
 .ARM.attributes
                0x0000000000000000       0x1e c:/st/stm32cubeclt/gnu-tools-for-stm32/bin/../lib/gcc/arm-none-eabi/10.3.1/thumb/v7e-m+fp/hard/crti.o
 .ARM.attributes
                0x000000000000001e       0x34 c:/st/stm32cubeclt/gnu-tools-for-stm32/bin/../lib/gcc/arm-none-eabi/10.3.1/thumb/v7e-m+fp/hard/crtbegin.o
 .ARM.attributes
                0x0000000000000052       0x34 build/main.o
 .ARM.attributes
                0x0000000000000086       0x34 build/gpio.o
 .ARM.attributes
                0x00000000000000ba       0x34 build/rtc.o
 .ARM.attributes
                0x00000000000000ee       0x34 build/usart.o
 .ARM.attributes
                0x0000000000000122       0x34 build/stm32f4xx_it.o
 .ARM.attributes
                0x0000000000000156       0x34 build/stm32f4xx_hal_msp.o
 .ARM.attributes
                0x000000000000018a       0x34 build/stm32f4xx_hal_timebase_tim.o
 .ARM.attributes
                0x00000000000001be       0x34 build/stm32f4xx_hal_rtc.o
 .ARM.attributes
                0x00000000000001f2       0x34 build/stm32f4xx_hal_rcc.o
 .ARM.attributes
                0x0000000000000226       0x34 build/stm32f4xx_hal_rcc_ex.o
 .ARM.attributes
                0x000000000000025a       0x34 build/stm32f4xx_hal_gpio.o
 .ARM.attributes
                0x000000000000028e       0x34 build/stm32f4xx_hal_dma.o
 .ARM.attributes
                0x00000000000002c2       0x34 build/stm32f4xx_hal_cortex.o
 .ARM.attributes
                0x00000000000002f6       0x34 build/stm32f4xx_hal.o
 .ARM.attributes
                0x000000000000032a       0x34 build/stm32f4xx_hal_tim.o
 .ARM.attributes
                0x000000000000035e       0x34 build/stm32f4xx_hal_tim_ex.o
 .ARM.attributes
                0x0000000000000392       0x34 build/stm32f4xx_hal_uart.o
 .ARM.attributes
                0x00000000000003c6       0x34 build/system_stm32f4xx.o
 .ARM.attributes
                0x00000000000003fa       0x21 build/startup_stm32f401xe.o
 .ARM.attributes
                0x000000000000041b       0x34 c:/st/stm32cubeclt/gnu-tools-for-stm32/bin/../lib/gcc/arm-none-eabi/10.3.1/../../../../arm-none-eabi/lib/thumb/v7e-m+fp/hard\libc_nano.a(lib_a-init.o)
 .ARM.attributes
                0x000000000000044f       0x34 c:/st/stm32cubeclt/gnu-tools-for-stm32/bin/../lib/gcc/arm-none-eabi/10.3.1/../../../../arm-none-eabi/lib/thumb/v7e-m+fp/hard\libc_nano.a(lib_a-memset.o)
 .ARM.attributes
                0x0000000000000483       0x1e c:/st/stm32cubeclt/gnu-tools-for-stm32/bin/../lib/gcc/arm-none-eabi/10.3.1/thumb/v7e-m+fp/hard\libgcc.a(_aeabi_uldivmod.o)
 .ARM.attributes
                0x00000000000004a1       0x34 c:/st/stm32cubeclt/gnu-tools-for-stm32/bin/../lib/gcc/arm-none-eabi/10.3.1/thumb/v7e-m+fp/hard\libgcc.a(_udivmoddi4.o)
 .ARM.attributes
                0x00000000000004d5       0x1e c:/st/stm32cubeclt/gnu-tools-for-stm32/bin/../lib/gcc/arm-none-eabi/10.3.1/thumb/v7e-m+fp/hard\libgcc.a(_dvmd_tls.o)
 .ARM.attributes
                0x00000000000004f3       0x1e c:/st/stm32cubeclt/gnu-tools-for-stm32/bin/../lib/gcc/arm-none-eabi/10.3.1/thumb/v7e-m+fp/hard/crtn.o
OUTPUT(build/ProjectX.elf elf32-littlearm)
LOAD linker stubs
LOAD c:/st/stm32cubeclt/gnu-tools-for-stm32/bin/../lib/gcc/arm-none-eabi/10.3.1/../../../../arm-none-eabi/lib/thumb/v7e-m+fp/hard\libc.a
LOAD c:/st/stm32cubeclt/gnu-tools-for-stm32/bin/../lib/gcc/arm-none-eabi/10.3.1/../../../../arm-none-eabi/lib/thumb/v7e-m+fp/hard\libm.a
LOAD c:/st/stm32cubeclt/gnu-tools-for-stm32/bin/../lib/gcc/arm-none-eabi/10.3.1/thumb/v7e-m+fp/hard\libgcc.a

.debug_info     0x0000000000000000    0x143b0
 .debug_info    0x0000000000000000     0x119e build/main.o
 .debug_info    0x000000000000119e      0x5d0 build/gpio.o
 .debug_info    0x000000000000176e      0x678 build/rtc.o
 .debug_info    0x0000000000001de6      0xd6b build/usart.o
 .debug_info    0x0000000000002b51      0xb07 build/stm32f4xx_it.o
 .debug_info    0x0000000000003658      0x31d build/stm32f4xx_hal_msp.o
 .debug_info    0x0000000000003975      0xd78 build/stm32f4xx_hal_timebase_tim.o
 .debug_info    0x00000000000046ed     0x11a3 build/stm32f4xx_hal_rtc.o
 .debug_info    0x0000000000005890      0xc36 build/stm32f4xx_hal_rcc.o
 .debug_info    0x00000000000064c6      0x742 build/stm32f4xx_hal_rcc_ex.o
 .debug_info    0x0000000000006c08      0x872 build/stm32f4xx_hal_gpio.o
 .debug_info    0x000000000000747a      0xbc6 build/stm32f4xx_hal_dma.o
 .debug_info    0x0000000000008040     0x10f5 build/stm32f4xx_hal_cortex.o
 .debug_info    0x0000000000009135      0xa8a build/stm32f4xx_hal.o
 .debug_info    0x0000000000009bbf     0x411f build/stm32f4xx_hal_tim.o
 .debug_info    0x000000000000dcde     0x1d67 build/stm32f4xx_hal_tim_ex.o
 .debug_info    0x000000000000fa45     0x4364 build/stm32f4xx_hal_uart.o
 .debug_info    0x0000000000013da9      0x5e5 build/system_stm32f4xx.o
 .debug_info    0x000000000001438e       0x22 build/startup_stm32f401xe.o

.debug_abbrev   0x0000000000000000     0x28b7
 .debug_abbrev  0x0000000000000000      0x294 build/main.o
 .debug_abbrev  0x0000000000000294      0x160 build/gpio.o
 .debug_abbrev  0x00000000000003f4      0x1c6 build/rtc.o
 .debug_abbrev  0x00000000000005ba      0x22d build/usart.o
 .debug_abbrev  0x00000000000007e7      0x195 build/stm32f4xx_it.o
 .debug_abbrev  0x000000000000097c       0xd3 build/stm32f4xx_hal_msp.o
 .debug_abbrev  0x0000000000000a4f      0x23e build/stm32f4xx_hal_timebase_tim.o
 .debug_abbrev  0x0000000000000c8d      0x24d build/stm32f4xx_hal_rtc.o
 .debug_abbrev  0x0000000000000eda      0x2de build/stm32f4xx_hal_rcc.o
 .debug_abbrev  0x00000000000011b8      0x1dc build/stm32f4xx_hal_rcc_ex.o
 .debug_abbrev  0x0000000000001394      0x22b build/stm32f4xx_hal_gpio.o
 .debug_abbrev  0x00000000000015bf      0x2be build/stm32f4xx_hal_dma.o
 .debug_abbrev  0x000000000000187d      0x382 build/stm32f4xx_hal_cortex.o
 .debug_abbrev  0x0000000000001bff      0x275 build/stm32f4xx_hal.o
 .debug_abbrev  0x0000000000001e74      0x2ce build/stm32f4xx_hal_tim.o
 .debug_abbrev  0x0000000000002142      0x2c8 build/stm32f4xx_hal_tim_ex.o
 .debug_abbrev  0x000000000000240a      0x380 build/stm32f4xx_hal_uart.o
 .debug_abbrev  0x000000000000278a      0x11b build/system_stm32f4xx.o
 .debug_abbrev  0x00000000000028a5       0x12 build/startup_stm32f401xe.o

.debug_loc      0x0000000000000000    0x10a20
 .debug_loc     0x0000000000000000      0x12a build/main.o
 .debug_loc     0x000000000000012a       0x38 build/gpio.o
 .debug_loc     0x0000000000000162       0xa6 build/rtc.o
 .debug_loc     0x0000000000000208      0x108 build/usart.o
 .debug_loc     0x0000000000000310       0x40 build/stm32f4xx_it.o
 .debug_loc     0x0000000000000350       0x2c build/stm32f4xx_hal_msp.o
 .debug_loc     0x000000000000037c      0x136 build/stm32f4xx_hal_timebase_tim.o
 .debug_loc     0x00000000000004b2     0x10c6 build/stm32f4xx_hal_rtc.o
 .debug_loc     0x0000000000001578      0x6e4 build/stm32f4xx_hal_rcc.o
 .debug_loc     0x0000000000001c5c      0x477 build/stm32f4xx_hal_rcc_ex.o
 .debug_loc     0x00000000000020d3      0x5e8 build/stm32f4xx_hal_gpio.o
 .debug_loc     0x00000000000026bb      0xd6d build/stm32f4xx_hal_dma.o
 .debug_loc     0x0000000000003428      0x7a4 build/stm32f4xx_hal_cortex.o
 .debug_loc     0x0000000000003bcc      0x1e1 build/stm32f4xx_hal.o
 .debug_loc     0x0000000000003dad     0x5cc1 build/stm32f4xx_hal_tim.o
 .debug_loc     0x0000000000009a6e     0x212a build/stm32f4xx_hal_tim_ex.o
 .debug_loc     0x000000000000bb98     0x4d30 build/stm32f4xx_hal_uart.o
 .debug_loc     0x00000000000108c8      0x158 build/system_stm32f4xx.o

.debug_aranges  0x0000000000000000      0xd50
 .debug_aranges
                0x0000000000000000       0x40 build/main.o
 .debug_aranges
                0x0000000000000040       0x20 build/gpio.o
 .debug_aranges
                0x0000000000000060       0x30 build/rtc.o
 .debug_aranges
                0x0000000000000090       0x30 build/usart.o
 .debug_aranges
                0x00000000000000c0       0x70 build/stm32f4xx_it.o
 .debug_aranges
                0x0000000000000130       0x20 build/stm32f4xx_hal_msp.o
 .debug_aranges
                0x0000000000000150       0x30 build/stm32f4xx_hal_timebase_tim.o
 .debug_aranges
                0x0000000000000180       0xe8 build/stm32f4xx_hal_rtc.o
 .debug_aranges
                0x0000000000000268       0x88 build/stm32f4xx_hal_rcc.o
 .debug_aranges
                0x00000000000002f0       0x48 build/stm32f4xx_hal_rcc_ex.o
 .debug_aranges
                0x0000000000000338       0x58 build/stm32f4xx_hal_gpio.o
 .debug_aranges
                0x0000000000000390       0x90 build/stm32f4xx_hal_dma.o
 .debug_aranges
                0x0000000000000420       0xb0 build/stm32f4xx_hal_cortex.o
 .debug_aranges
                0x00000000000004d0       0xf0 build/stm32f4xx_hal.o
 .debug_aranges
                0x00000000000005c0      0x3d0 build/stm32f4xx_hal_tim.o
 .debug_aranges
                0x0000000000000990      0x168 build/stm32f4xx_hal_tim_ex.o
 .debug_aranges
                0x0000000000000af8      0x208 build/stm32f4xx_hal_uart.o
 .debug_aranges
                0x0000000000000d00       0x28 build/system_stm32f4xx.o
 .debug_aranges
                0x0000000000000d28       0x28 build/startup_stm32f401xe.o

.debug_ranges   0x0000000000000000      0xcb8
 .debug_ranges  0x0000000000000000       0x30 build/main.o
 .debug_ranges  0x0000000000000030       0x10 build/gpio.o
 .debug_ranges  0x0000000000000040       0x20 build/rtc.o
 .debug_ranges  0x0000000000000060       0x20 build/usart.o
 .debug_ranges  0x0000000000000080       0x60 build/stm32f4xx_it.o
 .debug_ranges  0x00000000000000e0       0x10 build/stm32f4xx_hal_msp.o
 .debug_ranges  0x00000000000000f0       0x20 build/stm32f4xx_hal_timebase_tim.o
 .debug_ranges  0x0000000000000110       0xd8 build/stm32f4xx_hal_rtc.o
 .debug_ranges  0x00000000000001e8       0x90 build/stm32f4xx_hal_rcc.o
 .debug_ranges  0x0000000000000278       0x38 build/stm32f4xx_hal_rcc_ex.o
 .debug_ranges  0x00000000000002b0       0x48 build/stm32f4xx_hal_gpio.o
 .debug_ranges  0x00000000000002f8       0x80 build/stm32f4xx_hal_dma.o
 .debug_ranges  0x0000000000000378      0x100 build/stm32f4xx_hal_cortex.o
 .debug_ranges  0x0000000000000478       0xe0 build/stm32f4xx_hal.o
 .debug_ranges  0x0000000000000558      0x3c0 build/stm32f4xx_hal_tim.o
 .debug_ranges  0x0000000000000918      0x158 build/stm32f4xx_hal_tim_ex.o
 .debug_ranges  0x0000000000000a70      0x210 build/stm32f4xx_hal_uart.o
 .debug_ranges  0x0000000000000c80       0x18 build/system_stm32f4xx.o
 .debug_ranges  0x0000000000000c98       0x20 build/startup_stm32f401xe.o

.debug_line     0x0000000000000000    0x10009
 .debug_line    0x0000000000000000      0x3a2 build/main.o
 .debug_line    0x00000000000003a2      0x20e build/gpio.o
 .debug_line    0x00000000000005b0      0x287 build/rtc.o
 .debug_line    0x0000000000000837      0x2ce build/usart.o
 .debug_line    0x0000000000000b05      0x2d1 build/stm32f4xx_it.o
 .debug_line    0x0000000000000dd6      0x143 build/stm32f4xx_hal_msp.o
 .debug_line    0x0000000000000f19      0x2d3 build/stm32f4xx_hal_timebase_tim.o
 .debug_line    0x00000000000011ec     0x104a build/stm32f4xx_hal_rtc.o
 .debug_line    0x0000000000002236      0xaf7 build/stm32f4xx_hal_rcc.o
 .debug_line    0x0000000000002d2d      0x603 build/stm32f4xx_hal_rcc_ex.o
 .debug_line    0x0000000000003330      0x6ab build/stm32f4xx_hal_gpio.o
 .debug_line    0x00000000000039db      0xe0d build/stm32f4xx_hal_dma.o
 .debug_line    0x00000000000047e8      0x779 build/stm32f4xx_hal_cortex.o
 .debug_line    0x0000000000004f61      0x54d build/stm32f4xx_hal.o
 .debug_line    0x00000000000054ae     0x49d6 build/stm32f4xx_hal_tim.o
 .debug_line    0x0000000000009e84     0x1c34 build/stm32f4xx_hal_tim_ex.o
 .debug_line    0x000000000000bab8     0x42a3 build/stm32f4xx_hal_uart.o
 .debug_line    0x000000000000fd5b      0x238 build/system_stm32f4xx.o
 .debug_line    0x000000000000ff93       0x76 build/startup_stm32f401xe.o

.debug_str      0x0000000000000000     0x410e
 .debug_str     0x0000000000000000      0xb8a build/main.o
                                        0xc70 (size before relaxing)
 .debug_str     0x0000000000000b8a       0x90 build/gpio.o
                                        0x352 (size before relaxing)
 .debug_str     0x0000000000000c1a      0x2c2 build/rtc.o
                                        0x4cd (size before relaxing)
 .debug_str     0x0000000000000edc      0x430 build/usart.o
                                        0xbe0 (size before relaxing)
 .debug_str     0x000000000000130c       0xf7 build/stm32f4xx_it.o
                                        0x997 (size before relaxing)
 .debug_str     0x0000000000001403       0x29 build/stm32f4xx_hal_msp.o
                                        0x293 (size before relaxing)
 .debug_str     0x000000000000142c       0xfe build/stm32f4xx_hal_timebase_tim.o
                                        0xce2 (size before relaxing)
 .debug_str     0x000000000000152a      0x37d build/stm32f4xx_hal_rtc.o
                                        0x7aa (size before relaxing)
 .debug_str     0x00000000000018a7      0x1bb build/stm32f4xx_hal_rcc.o
                                        0x6de (size before relaxing)
 .debug_str     0x0000000000001a62       0xf6 build/stm32f4xx_hal_rcc_ex.o
                                        0x4b0 (size before relaxing)
 .debug_str     0x0000000000001b58       0xe7 build/stm32f4xx_hal_gpio.o
                                        0x4b8 (size before relaxing)
 .debug_str     0x0000000000001c3f      0x30b build/stm32f4xx_hal_dma.o
                                        0x73c (size before relaxing)
 .debug_str     0x0000000000001f4a      0x4d8 build/stm32f4xx_hal_cortex.o
                                        0xaa7 (size before relaxing)
 .debug_str     0x0000000000002422      0x269 build/stm32f4xx_hal.o
                                        0x9da (size before relaxing)
 .debug_str     0x000000000000268b      0xeea build/stm32f4xx_hal_tim.o
                                       0x16c5 (size before relaxing)
 .debug_str     0x0000000000003575      0x55b build/stm32f4xx_hal_tim_ex.o
                                        0xed1 (size before relaxing)
 .debug_str     0x0000000000003ad0      0x5d3 build/stm32f4xx_hal_uart.o
                                        0xd61 (size before relaxing)
 .debug_str     0x00000000000040a3       0x47 build/system_stm32f4xx.o
                                        0x34d (size before relaxing)
 .debug_str     0x00000000000040ea       0x24 build/startup_stm32f401xe.o
                                         0x30 (size before relaxing)

.comment        0x0000000000000000       0x50
 .comment       0x0000000000000000       0x50 build/main.o
                                         0x51 (size before relaxing)
 .comment       0x0000000000000050       0x51 build/gpio.o
 .comment       0x0000000000000050       0x51 build/rtc.o
 .comment       0x0000000000000050       0x51 build/usart.o
 .comment       0x0000000000000050       0x51 build/stm32f4xx_it.o
 .comment       0x0000000000000050       0x51 build/stm32f4xx_hal_msp.o
 .comment       0x0000000000000050       0x51 build/stm32f4xx_hal_timebase_tim.o
 .comment       0x0000000000000050       0x51 build/stm32f4xx_hal_rtc.o
 .comment       0x0000000000000050       0x51 build/stm32f4xx_hal_rcc.o
 .comment       0x0000000000000050       0x51 build/stm32f4xx_hal_rcc_ex.o
 .comment       0x0000000000000050       0x51 build/stm32f4xx_hal_gpio.o
 .comment       0x0000000000000050       0x51 build/stm32f4xx_hal_dma.o
 .comment       0x0000000000000050       0x51 build/stm32f4xx_hal_cortex.o
 .comment       0x0000000000000050       0x51 build/stm32f4xx_hal.o
 .comment       0x0000000000000050       0x51 build/stm32f4xx_hal_tim.o
 .comment       0x0000000000000050       0x51 build/stm32f4xx_hal_tim_ex.o
 .comment       0x0000000000000050       0x51 build/stm32f4xx_hal_uart.o
 .comment       0x0000000000000050       0x51 build/system_stm32f4xx.o

.debug_frame    0x0000000000000000     0x22e4
 .debug_frame   0x0000000000000000       0x88 build/main.o
 .debug_frame   0x0000000000000088       0x34 build/gpio.o
 .debug_frame   0x00000000000000bc       0x58 build/rtc.o
 .debug_frame   0x0000000000000114       0x60 build/usart.o
 .debug_frame   0x0000000000000174       0xd0 build/stm32f4xx_it.o
 .debug_frame   0x0000000000000244       0x28 build/stm32f4xx_hal_msp.o
 .debug_frame   0x000000000000026c       0x54 build/stm32f4xx_hal_timebase_tim.o
 .debug_frame   0x00000000000002c0      0x284 build/stm32f4xx_hal_rtc.o
 .debug_frame   0x0000000000000544      0x16c build/stm32f4xx_hal_rcc.o
 .debug_frame   0x00000000000006b0       0xa0 build/stm32f4xx_hal_rcc_ex.o
 .debug_frame   0x0000000000000750       0xd8 build/stm32f4xx_hal_gpio.o
 .debug_frame   0x0000000000000828      0x188 build/stm32f4xx_hal_dma.o
 .debug_frame   0x00000000000009b0      0x158 build/stm32f4xx_hal_cortex.o
 .debug_frame   0x0000000000000b08      0x1ec build/stm32f4xx_hal.o
 .debug_frame   0x0000000000000cf4      0xb24 build/stm32f4xx_hal_tim.o
 .debug_frame   0x0000000000001818      0x40c build/stm32f4xx_hal_tim_ex.o
 .debug_frame   0x0000000000001c24      0x5e4 build/stm32f4xx_hal_uart.o
 .debug_frame   0x0000000000002208       0x30 build/system_stm32f4xx.o
 .debug_frame   0x0000000000002238       0x2c c:/st/stm32cubeclt/gnu-tools-for-stm32/bin/../lib/gcc/arm-none-eabi/10.3.1/../../../../arm-none-eabi/lib/thumb/v7e-m+fp/hard\libc_nano.a(lib_a-init.o)
 .debug_frame   0x0000000000002264       0x20 c:/st/stm32cubeclt/gnu-tools-for-stm32/bin/../lib/gcc/arm-none-eabi/10.3.1/../../../../arm-none-eabi/lib/thumb/v7e-m+fp/hard\libc_nano.a(lib_a-memset.o)
 .debug_frame   0x0000000000002284       0x2c c:/st/stm32cubeclt/gnu-tools-for-stm32/bin/../lib/gcc/arm-none-eabi/10.3.1/thumb/v7e-m+fp/hard\libgcc.a(_aeabi_uldivmod.o)
 .debug_frame   0x00000000000022b0       0x34 c:/st/stm32cubeclt/gnu-tools-for-stm32/bin/../lib/gcc/arm-none-eabi/10.3.1/thumb/v7e-m+fp/hard\libgcc.a(_udivmoddi4.o)

Cross Reference Table

Symbol                                            File
ADC_IRQHandler                                    build/startup_stm32f401xe.o
AHBPrescTable                                     build/system_stm32f4xx.o
                                                  build/stm32f4xx_hal_rcc.o
APBPrescTable                                     build/system_stm32f4xx.o
                                                  build/stm32f4xx_hal_rcc.o
BusFault_Handler                                  build/stm32f4xx_it.o
DMA1_Stream0_IRQHandler                           build/startup_stm32f401xe.o
DMA1_Stream1_IRQHandler                           build/startup_stm32f401xe.o
DMA1_Stream2_IRQHandler                           build/startup_stm32f401xe.o
DMA1_Stream3_IRQHandler                           build/startup_stm32f401xe.o
DMA1_Stream4_IRQHandler                           build/startup_stm32f401xe.o
DMA1_Stream5_IRQHandler                           build/startup_stm32f401xe.o
DMA1_Stream6_IRQHandler                           build/startup_stm32f401xe.o
DMA1_Stream7_IRQHandler                           build/startup_stm32f401xe.o
DMA2_Stream0_IRQHandler                           build/startup_stm32f401xe.o
DMA2_Stream1_IRQHandler                           build/startup_stm32f401xe.o
DMA2_Stream2_IRQHandler                           build/startup_stm32f401xe.o
DMA2_Stream3_IRQHandler                           build/startup_stm32f401xe.o
DMA2_Stream4_IRQHandler                           build/startup_stm32f401xe.o
DMA2_Stream5_IRQHandler                           build/startup_stm32f401xe.o
DMA2_Stream6_IRQHandler                           build/startup_stm32f401xe.o
DMA2_Stream7_IRQHandler                           build/startup_stm32f401xe.o
DebugMon_Handler                                  build/stm32f4xx_it.o
Default_Handler                                   build/startup_stm32f401xe.o
EXTI0_IRQHandler                                  build/startup_stm32f401xe.o
EXTI15_10_IRQHandler                              build/startup_stm32f401xe.o
EXTI1_IRQHandler                                  build/startup_stm32f401xe.o
EXTI2_IRQHandler                                  build/startup_stm32f401xe.o
EXTI3_IRQHandler                                  build/startup_stm32f401xe.o
EXTI4_IRQHandler                                  build/startup_stm32f401xe.o
EXTI9_5_IRQHandler                                build/startup_stm32f401xe.o
Error_Handler                                     build/main.o
                                                  build/usart.o
                                                  build/rtc.o
FLASH_Erase_Sector                                build/stm32f4xx_hal_flash_ex.o
                                                  build/stm32f4xx_hal_flash.o
FLASH_FlushCaches                                 build/stm32f4xx_hal_flash_ex.o
                                                  build/stm32f4xx_hal_flash.o
FLASH_IRQHandler                                  build/startup_stm32f401xe.o
FLASH_WaitForLastOperation                        build/stm32f4xx_hal_flash.o
                                                  build/stm32f4xx_hal_flash_ex.o
FPU_IRQHandler                                    build/startup_stm32f401xe.o
HAL_CORTEX_ClearEvent                             build/stm32f4xx_hal_cortex.o
HAL_DBGMCU_DisableDBGSleepMode                    build/stm32f4xx_hal.o
HAL_DBGMCU_DisableDBGStandbyMode                  build/stm32f4xx_hal.o
HAL_DBGMCU_DisableDBGStopMode                     build/stm32f4xx_hal.o
HAL_DBGMCU_EnableDBGSleepMode                     build/stm32f4xx_hal.o
HAL_DBGMCU_EnableDBGStandbyMode                   build/stm32f4xx_hal.o
HAL_DBGMCU_EnableDBGStopMode                      build/stm32f4xx_hal.o
HAL_DMAEx_ChangeMemory                            build/stm32f4xx_hal_dma_ex.o
HAL_DMAEx_MultiBufferStart                        build/stm32f4xx_hal_dma_ex.o
HAL_DMAEx_MultiBufferStart_IT                     build/stm32f4xx_hal_dma_ex.o
HAL_DMA_Abort                                     build/stm32f4xx_hal_dma.o
                                                  build/stm32f4xx_hal_uart.o
HAL_DMA_Abort_IT                                  build/stm32f4xx_hal_dma.o
                                                  build/stm32f4xx_hal_uart.o
                                                  build/stm32f4xx_hal_tim_ex.o
                                                  build/stm32f4xx_hal_tim.o
HAL_DMA_DeInit                                    build/stm32f4xx_hal_dma.o
HAL_DMA_GetError                                  build/stm32f4xx_hal_dma.o
                                                  build/stm32f4xx_hal_uart.o
HAL_DMA_GetState                                  build/stm32f4xx_hal_dma.o
HAL_DMA_IRQHandler                                build/stm32f4xx_hal_dma.o
HAL_DMA_Init                                      build/stm32f4xx_hal_dma.o
HAL_DMA_PollForTransfer                           build/stm32f4xx_hal_dma.o
HAL_DMA_RegisterCallback                          build/stm32f4xx_hal_dma.o
HAL_DMA_Start                                     build/stm32f4xx_hal_dma.o
HAL_DMA_Start_IT                                  build/stm32f4xx_hal_dma.o
                                                  build/stm32f4xx_hal_uart.o
                                                  build/stm32f4xx_hal_tim_ex.o
                                                  build/stm32f4xx_hal_tim.o
HAL_DMA_UnRegisterCallback                        build/stm32f4xx_hal_dma.o
HAL_DeInit                                        build/stm32f4xx_hal.o
HAL_Delay                                         build/stm32f4xx_hal.o
                                                  build/main.o
HAL_DisableCompensationCell                       build/stm32f4xx_hal.o
HAL_EXTI_ClearConfigLine                          build/stm32f4xx_hal_exti.o
HAL_EXTI_ClearPending                             build/stm32f4xx_hal_exti.o
HAL_EXTI_GenerateSWI                              build/stm32f4xx_hal_exti.o
HAL_EXTI_GetConfigLine                            build/stm32f4xx_hal_exti.o
HAL_EXTI_GetHandle                                build/stm32f4xx_hal_exti.o
HAL_EXTI_GetPending                               build/stm32f4xx_hal_exti.o
HAL_EXTI_IRQHandler                               build/stm32f4xx_hal_exti.o
HAL_EXTI_RegisterCallback                         build/stm32f4xx_hal_exti.o
HAL_EXTI_SetConfigLine                            build/stm32f4xx_hal_exti.o
HAL_EnableCompensationCell                        build/stm32f4xx_hal.o
HAL_FLASHEx_AdvOBGetConfig                        build/stm32f4xx_hal_flash_ex.o
HAL_FLASHEx_AdvOBProgram                          build/stm32f4xx_hal_flash_ex.o
HAL_FLASHEx_Erase                                 build/stm32f4xx_hal_flash_ex.o
HAL_FLASHEx_Erase_IT                              build/stm32f4xx_hal_flash_ex.o
HAL_FLASHEx_OBGetConfig                           build/stm32f4xx_hal_flash_ex.o
HAL_FLASHEx_OBProgram                             build/stm32f4xx_hal_flash_ex.o
HAL_FLASHEx_OB_DeSelectPCROP                      build/stm32f4xx_hal_flash_ex.o
HAL_FLASHEx_OB_SelectPCROP                        build/stm32f4xx_hal_flash_ex.o
HAL_FLASH_EndOfOperationCallback                  build/stm32f4xx_hal_flash.o
HAL_FLASH_GetError                                build/stm32f4xx_hal_flash.o
HAL_FLASH_IRQHandler                              build/stm32f4xx_hal_flash.o
HAL_FLASH_Lock                                    build/stm32f4xx_hal_flash.o
HAL_FLASH_OB_Launch                               build/stm32f4xx_hal_flash.o
HAL_FLASH_OB_Lock                                 build/stm32f4xx_hal_flash.o
HAL_FLASH_OB_Unlock                               build/stm32f4xx_hal_flash.o
HAL_FLASH_OperationErrorCallback                  build/stm32f4xx_hal_flash.o
HAL_FLASH_Program                                 build/stm32f4xx_hal_flash.o
HAL_FLASH_Program_IT                              build/stm32f4xx_hal_flash.o
HAL_FLASH_Unlock                                  build/stm32f4xx_hal_flash.o
HAL_GPIO_DeInit                                   build/stm32f4xx_hal_gpio.o
                                                  build/usart.o
HAL_GPIO_EXTI_Callback                            build/stm32f4xx_hal_gpio.o
HAL_GPIO_EXTI_IRQHandler                          build/stm32f4xx_hal_gpio.o
HAL_GPIO_Init                                     build/stm32f4xx_hal_gpio.o
                                                  build/stm32f4xx_hal_rcc.o
                                                  build/usart.o
                                                  build/gpio.o
HAL_GPIO_LockPin                                  build/stm32f4xx_hal_gpio.o
HAL_GPIO_ReadPin                                  build/stm32f4xx_hal_gpio.o
HAL_GPIO_TogglePin                                build/stm32f4xx_hal_gpio.o
                                                  build/main.o
HAL_GPIO_WritePin                                 build/stm32f4xx_hal_gpio.o
                                                  build/gpio.o
HAL_GetDEVID                                      build/stm32f4xx_hal.o
HAL_GetHalVersion                                 build/stm32f4xx_hal.o
HAL_GetREVID                                      build/stm32f4xx_hal.o
HAL_GetTick                                       build/stm32f4xx_hal.o
                                                  build/stm32f4xx_hal_uart.o
                                                  build/stm32f4xx_hal_pwr_ex.o
                                                  build/stm32f4xx_hal_dma.o
                                                  build/stm32f4xx_hal_flash.o
                                                  build/stm32f4xx_hal_rcc_ex.o
                                                  build/stm32f4xx_hal_rcc.o
                                                  build/stm32f4xx_hal_rtc_ex.o
                                                  build/stm32f4xx_hal_rtc.o
HAL_GetTickFreq                                   build/stm32f4xx_hal.o
HAL_GetTickPrio                                   build/stm32f4xx_hal.o
HAL_GetUIDw0                                      build/stm32f4xx_hal.o
HAL_GetUIDw1                                      build/stm32f4xx_hal.o
HAL_GetUIDw2                                      build/stm32f4xx_hal.o
HAL_HalfDuplex_EnableReceiver                     build/stm32f4xx_hal_uart.o
HAL_HalfDuplex_EnableTransmitter                  build/stm32f4xx_hal_uart.o
HAL_HalfDuplex_Init                               build/stm32f4xx_hal_uart.o
HAL_IncTick                                       build/stm32f4xx_hal.o
                                                  build/main.o
HAL_Init                                          build/stm32f4xx_hal.o
                                                  build/main.o
HAL_InitTick                                      build/stm32f4xx_hal_timebase_tim.o
                                                  build/stm32f4xx_hal_rcc_ex.o
                                                  build/stm32f4xx_hal_rcc.o
HAL_LIN_Init                                      build/stm32f4xx_hal_uart.o
HAL_LIN_SendBreak                                 build/stm32f4xx_hal_uart.o
HAL_MPU_ConfigRegion                              build/stm32f4xx_hal_cortex.o
HAL_MPU_Disable                                   build/stm32f4xx_hal_cortex.o
HAL_MPU_Enable                                    build/stm32f4xx_hal_cortex.o
HAL_MspDeInit                                     build/stm32f4xx_hal.o
HAL_MspInit                                       build/stm32f4xx_hal_msp.o
HAL_MultiProcessor_EnterMuteMode                  build/stm32f4xx_hal_uart.o
HAL_MultiProcessor_ExitMuteMode                   build/stm32f4xx_hal_uart.o
HAL_MultiProcessor_Init                           build/stm32f4xx_hal_uart.o
HAL_NVIC_ClearPendingIRQ                          build/stm32f4xx_hal_cortex.o
HAL_NVIC_DisableIRQ                               build/stm32f4xx_hal_cortex.o
                                                  build/usart.o
HAL_NVIC_EnableIRQ                                build/stm32f4xx_hal_cortex.o
                                                  build/stm32f4xx_hal_timebase_tim.o
                                                  build/usart.o
HAL_NVIC_GetActive                                build/stm32f4xx_hal_cortex.o
HAL_NVIC_GetPendingIRQ                            build/stm32f4xx_hal_cortex.o
HAL_NVIC_GetPriority                              build/stm32f4xx_hal_cortex.o
HAL_NVIC_GetPriorityGrouping                      build/stm32f4xx_hal_cortex.o
HAL_NVIC_SetPendingIRQ                            build/stm32f4xx_hal_cortex.o
HAL_NVIC_SetPriority                              build/stm32f4xx_hal_cortex.o
                                                  build/stm32f4xx_hal.o
                                                  build/stm32f4xx_hal_timebase_tim.o
                                                  build/usart.o
HAL_NVIC_SetPriorityGrouping                      build/stm32f4xx_hal_cortex.o
                                                  build/stm32f4xx_hal.o
HAL_NVIC_SystemReset                              build/stm32f4xx_hal_cortex.o
HAL_PWREx_ControlVoltageScaling                   build/stm32f4xx_hal_pwr_ex.o
HAL_PWREx_DisableBkUpReg                          build/stm32f4xx_hal_pwr_ex.o
HAL_PWREx_DisableFlashPowerDown                   build/stm32f4xx_hal_pwr_ex.o
HAL_PWREx_DisableLowRegulatorLowVoltage           build/stm32f4xx_hal_pwr_ex.o
HAL_PWREx_DisableMainRegulatorLowVoltage          build/stm32f4xx_hal_pwr_ex.o
HAL_PWREx_EnableBkUpReg                           build/stm32f4xx_hal_pwr_ex.o
HAL_PWREx_EnableFlashPowerDown                    build/stm32f4xx_hal_pwr_ex.o
HAL_PWREx_EnableLowRegulatorLowVoltage            build/stm32f4xx_hal_pwr_ex.o
HAL_PWREx_EnableMainRegulatorLowVoltage           build/stm32f4xx_hal_pwr_ex.o
HAL_PWREx_GetVoltageRange                         build/stm32f4xx_hal_pwr_ex.o
HAL_PWR_ConfigPVD                                 build/stm32f4xx_hal_pwr.o
HAL_PWR_DeInit                                    build/stm32f4xx_hal_pwr.o
HAL_PWR_DisableBkUpAccess                         build/stm32f4xx_hal_pwr.o
HAL_PWR_DisablePVD                                build/stm32f4xx_hal_pwr.o
HAL_PWR_DisableSEVOnPend                          build/stm32f4xx_hal_pwr.o
HAL_PWR_DisableSleepOnExit                        build/stm32f4xx_hal_pwr.o
HAL_PWR_DisableWakeUpPin                          build/stm32f4xx_hal_pwr.o
HAL_PWR_EnableBkUpAccess                          build/stm32f4xx_hal_pwr.o
HAL_PWR_EnablePVD                                 build/stm32f4xx_hal_pwr.o
HAL_PWR_EnableSEVOnPend                           build/stm32f4xx_hal_pwr.o
HAL_PWR_EnableSleepOnExit                         build/stm32f4xx_hal_pwr.o
HAL_PWR_EnableWakeUpPin                           build/stm32f4xx_hal_pwr.o
HAL_PWR_EnterSLEEPMode                            build/stm32f4xx_hal_pwr.o
HAL_PWR_EnterSTANDBYMode                          build/stm32f4xx_hal_pwr.o
HAL_PWR_EnterSTOPMode                             build/stm32f4xx_hal_pwr.o
HAL_PWR_PVDCallback                               build/stm32f4xx_hal_pwr.o
HAL_PWR_PVD_IRQHandler                            build/stm32f4xx_hal_pwr.o
HAL_RCCEx_DisablePLLI2S                           build/stm32f4xx_hal_rcc_ex.o
HAL_RCCEx_EnablePLLI2S                            build/stm32f4xx_hal_rcc_ex.o
HAL_RCCEx_GetPeriphCLKConfig                      build/stm32f4xx_hal_rcc_ex.o
HAL_RCCEx_GetPeriphCLKFreq                        build/stm32f4xx_hal_rcc_ex.o
HAL_RCCEx_PeriphCLKConfig                         build/stm32f4xx_hal_rcc_ex.o
                                                  build/rtc.o
HAL_RCC_CSSCallback                               build/stm32f4xx_hal_rcc.o
HAL_RCC_ClockConfig                               build/stm32f4xx_hal_rcc.o
                                                  build/main.o
HAL_RCC_DeInit                                    build/stm32f4xx_hal_rcc_ex.o
                                                  build/stm32f4xx_hal_rcc.o
HAL_RCC_DisableCSS                                build/stm32f4xx_hal_rcc.o
HAL_RCC_EnableCSS                                 build/stm32f4xx_hal_rcc.o
HAL_RCC_GetClockConfig                            build/stm32f4xx_hal_rcc.o
                                                  build/stm32f4xx_hal_timebase_tim.o
HAL_RCC_GetHCLKFreq                               build/stm32f4xx_hal_rcc.o
HAL_RCC_GetOscConfig                              build/stm32f4xx_hal_rcc.o
HAL_RCC_GetPCLK1Freq                              build/stm32f4xx_hal_rcc.o
                                                  build/stm32f4xx_hal_uart.o
                                                  build/stm32f4xx_hal_timebase_tim.o
HAL_RCC_GetPCLK2Freq                              build/stm32f4xx_hal_rcc.o
                                                  build/stm32f4xx_hal_uart.o
HAL_RCC_GetSysClockFreq                           build/stm32f4xx_hal_rcc.o
HAL_RCC_MCOConfig                                 build/stm32f4xx_hal_rcc.o
HAL_RCC_NMI_IRQHandler                            build/stm32f4xx_hal_rcc.o
HAL_RCC_OscConfig                                 build/stm32f4xx_hal_rcc.o
                                                  build/main.o
HAL_RTCEx_AlarmBEventCallback                     build/stm32f4xx_hal_rtc_ex.o
                                                  build/stm32f4xx_hal_rtc.o
HAL_RTCEx_BKUPRead                                build/stm32f4xx_hal_rtc_ex.o
HAL_RTCEx_BKUPWrite                               build/stm32f4xx_hal_rtc_ex.o
HAL_RTCEx_DeactivateCalibrationOutPut             build/stm32f4xx_hal_rtc_ex.o
HAL_RTCEx_DeactivateCoarseCalib                   build/stm32f4xx_hal_rtc_ex.o
HAL_RTCEx_DeactivateRefClock                      build/stm32f4xx_hal_rtc_ex.o
HAL_RTCEx_DeactivateTamper                        build/stm32f4xx_hal_rtc_ex.o
HAL_RTCEx_DeactivateTimeStamp                     build/stm32f4xx_hal_rtc_ex.o
HAL_RTCEx_DeactivateWakeUpTimer                   build/stm32f4xx_hal_rtc_ex.o
HAL_RTCEx_DisableBypassShadow                     build/stm32f4xx_hal_rtc_ex.o
HAL_RTCEx_EnableBypassShadow                      build/stm32f4xx_hal_rtc_ex.o
HAL_RTCEx_GetTimeStamp                            build/stm32f4xx_hal_rtc_ex.o
HAL_RTCEx_GetWakeUpTimer                          build/stm32f4xx_hal_rtc_ex.o
HAL_RTCEx_PollForAlarmBEvent                      build/stm32f4xx_hal_rtc_ex.o
HAL_RTCEx_PollForTamper1Event                     build/stm32f4xx_hal_rtc_ex.o
HAL_RTCEx_PollForTimeStampEvent                   build/stm32f4xx_hal_rtc_ex.o
HAL_RTCEx_PollForWakeUpTimerEvent                 build/stm32f4xx_hal_rtc_ex.o
HAL_RTCEx_SetCalibrationOutPut                    build/stm32f4xx_hal_rtc_ex.o
HAL_RTCEx_SetCoarseCalib                          build/stm32f4xx_hal_rtc_ex.o
HAL_RTCEx_SetRefClock                             build/stm32f4xx_hal_rtc_ex.o
HAL_RTCEx_SetSmoothCalib                          build/stm32f4xx_hal_rtc_ex.o
HAL_RTCEx_SetSynchroShift                         build/stm32f4xx_hal_rtc_ex.o
HAL_RTCEx_SetTamper                               build/stm32f4xx_hal_rtc_ex.o
HAL_RTCEx_SetTamper_IT                            build/stm32f4xx_hal_rtc_ex.o
HAL_RTCEx_SetTimeStamp                            build/stm32f4xx_hal_rtc_ex.o
HAL_RTCEx_SetTimeStamp_IT                         build/stm32f4xx_hal_rtc_ex.o
HAL_RTCEx_SetWakeUpTimer                          build/stm32f4xx_hal_rtc_ex.o
HAL_RTCEx_SetWakeUpTimer_IT                       build/stm32f4xx_hal_rtc_ex.o
HAL_RTCEx_Tamper1EventCallback                    build/stm32f4xx_hal_rtc_ex.o
HAL_RTCEx_TamperTimeStampIRQHandler               build/stm32f4xx_hal_rtc_ex.o
HAL_RTCEx_TimeStampEventCallback                  build/stm32f4xx_hal_rtc_ex.o
HAL_RTCEx_WakeUpTimerEventCallback                build/stm32f4xx_hal_rtc_ex.o
HAL_RTCEx_WakeUpTimerIRQHandler                   build/stm32f4xx_hal_rtc_ex.o
HAL_RTC_AlarmAEventCallback                       build/stm32f4xx_hal_rtc.o
HAL_RTC_AlarmIRQHandler                           build/stm32f4xx_hal_rtc.o
HAL_RTC_DST_Add1Hour                              build/stm32f4xx_hal_rtc.o
HAL_RTC_DST_ClearStoreOperation                   build/stm32f4xx_hal_rtc.o
HAL_RTC_DST_ReadStoreOperation                    build/stm32f4xx_hal_rtc.o
HAL_RTC_DST_SetStoreOperation                     build/stm32f4xx_hal_rtc.o
HAL_RTC_DST_Sub1Hour                              build/stm32f4xx_hal_rtc.o
HAL_RTC_DeInit                                    build/stm32f4xx_hal_rtc.o
HAL_RTC_DeactivateAlarm                           build/stm32f4xx_hal_rtc.o
HAL_RTC_GetAlarm                                  build/stm32f4xx_hal_rtc.o
HAL_RTC_GetDate                                   build/stm32f4xx_hal_rtc.o
HAL_RTC_GetState                                  build/stm32f4xx_hal_rtc.o
HAL_RTC_GetTime                                   build/stm32f4xx_hal_rtc.o
HAL_RTC_Init                                      build/stm32f4xx_hal_rtc.o
                                                  build/rtc.o
HAL_RTC_MspDeInit                                 build/rtc.o
HAL_RTC_MspInit                                   build/rtc.o
HAL_RTC_PollForAlarmAEvent                        build/stm32f4xx_hal_rtc.o
HAL_RTC_SetAlarm                                  build/stm32f4xx_hal_rtc.o
HAL_RTC_SetAlarm_IT                               build/stm32f4xx_hal_rtc.o
HAL_RTC_SetDate                                   build/stm32f4xx_hal_rtc.o
HAL_RTC_SetTime                                   build/stm32f4xx_hal_rtc.o
HAL_RTC_WaitForSynchro                            build/stm32f4xx_hal_rtc.o
                                                  build/stm32f4xx_hal_rtc_ex.o
HAL_ResumeTick                                    build/stm32f4xx_hal_timebase_tim.o
HAL_SYSTICK_CLKSourceConfig                       build/stm32f4xx_hal_cortex.o
HAL_SYSTICK_Callback                              build/stm32f4xx_hal_cortex.o
HAL_SYSTICK_Config                                build/stm32f4xx_hal_cortex.o
                                                  build/stm32f4xx_hal.o
HAL_SYSTICK_IRQHandler                            build/stm32f4xx_hal_cortex.o
HAL_SetTickFreq                                   build/stm32f4xx_hal.o
HAL_SuspendTick                                   build/stm32f4xx_hal_timebase_tim.o
HAL_TIMEx_BreakCallback                           build/stm32f4xx_hal_tim_ex.o
                                                  build/stm32f4xx_hal_tim.o
HAL_TIMEx_CommutCallback                          build/stm32f4xx_hal_tim_ex.o
                                                  build/stm32f4xx_hal_tim.o
HAL_TIMEx_CommutHalfCpltCallback                  build/stm32f4xx_hal_tim_ex.o
HAL_TIMEx_ConfigBreakDeadTime                     build/stm32f4xx_hal_tim_ex.o
HAL_TIMEx_ConfigCommutEvent                       build/stm32f4xx_hal_tim_ex.o
HAL_TIMEx_ConfigCommutEvent_DMA                   build/stm32f4xx_hal_tim_ex.o
HAL_TIMEx_ConfigCommutEvent_IT                    build/stm32f4xx_hal_tim_ex.o
HAL_TIMEx_GetChannelNState                        build/stm32f4xx_hal_tim_ex.o
HAL_TIMEx_HallSensor_DeInit                       build/stm32f4xx_hal_tim_ex.o
HAL_TIMEx_HallSensor_GetState                     build/stm32f4xx_hal_tim_ex.o
HAL_TIMEx_HallSensor_Init                         build/stm32f4xx_hal_tim_ex.o
HAL_TIMEx_HallSensor_MspDeInit                    build/stm32f4xx_hal_tim_ex.o
HAL_TIMEx_HallSensor_MspInit                      build/stm32f4xx_hal_tim_ex.o
HAL_TIMEx_HallSensor_Start                        build/stm32f4xx_hal_tim_ex.o
HAL_TIMEx_HallSensor_Start_DMA                    build/stm32f4xx_hal_tim_ex.o
HAL_TIMEx_HallSensor_Start_IT                     build/stm32f4xx_hal_tim_ex.o
HAL_TIMEx_HallSensor_Stop                         build/stm32f4xx_hal_tim_ex.o
HAL_TIMEx_HallSensor_Stop_DMA                     build/stm32f4xx_hal_tim_ex.o
HAL_TIMEx_HallSensor_Stop_IT                      build/stm32f4xx_hal_tim_ex.o
HAL_TIMEx_MasterConfigSynchronization             build/stm32f4xx_hal_tim_ex.o
HAL_TIMEx_OCN_Start                               build/stm32f4xx_hal_tim_ex.o
HAL_TIMEx_OCN_Start_DMA                           build/stm32f4xx_hal_tim_ex.o
HAL_TIMEx_OCN_Start_IT                            build/stm32f4xx_hal_tim_ex.o
HAL_TIMEx_OCN_Stop                                build/stm32f4xx_hal_tim_ex.o
HAL_TIMEx_OCN_Stop_DMA                            build/stm32f4xx_hal_tim_ex.o
HAL_TIMEx_OCN_Stop_IT                             build/stm32f4xx_hal_tim_ex.o
HAL_TIMEx_OnePulseN_Start                         build/stm32f4xx_hal_tim_ex.o
HAL_TIMEx_OnePulseN_Start_IT                      build/stm32f4xx_hal_tim_ex.o
HAL_TIMEx_OnePulseN_Stop                          build/stm32f4xx_hal_tim_ex.o
HAL_TIMEx_OnePulseN_Stop_IT                       build/stm32f4xx_hal_tim_ex.o
HAL_TIMEx_PWMN_Start                              build/stm32f4xx_hal_tim_ex.o
HAL_TIMEx_PWMN_Start_DMA                          build/stm32f4xx_hal_tim_ex.o
HAL_TIMEx_PWMN_Start_IT                           build/stm32f4xx_hal_tim_ex.o
HAL_TIMEx_PWMN_Stop                               build/stm32f4xx_hal_tim_ex.o
HAL_TIMEx_PWMN_Stop_DMA                           build/stm32f4xx_hal_tim_ex.o
HAL_TIMEx_PWMN_Stop_IT                            build/stm32f4xx_hal_tim_ex.o
HAL_TIMEx_RemapConfig                             build/stm32f4xx_hal_tim_ex.o
HAL_TIM_Base_DeInit                               build/stm32f4xx_hal_tim.o
HAL_TIM_Base_GetState                             build/stm32f4xx_hal_tim.o
HAL_TIM_Base_Init                                 build/stm32f4xx_hal_tim.o
                                                  build/stm32f4xx_hal_timebase_tim.o
HAL_TIM_Base_MspDeInit                            build/stm32f4xx_hal_tim.o
HAL_TIM_Base_MspInit                              build/stm32f4xx_hal_tim.o
HAL_TIM_Base_Start                                build/stm32f4xx_hal_tim.o
HAL_TIM_Base_Start_DMA                            build/stm32f4xx_hal_tim.o
HAL_TIM_Base_Start_IT                             build/stm32f4xx_hal_tim.o
                                                  build/stm32f4xx_hal_timebase_tim.o
HAL_TIM_Base_Stop                                 build/stm32f4xx_hal_tim.o
HAL_TIM_Base_Stop_DMA                             build/stm32f4xx_hal_tim.o
HAL_TIM_Base_Stop_IT                              build/stm32f4xx_hal_tim.o
HAL_TIM_ConfigClockSource                         build/stm32f4xx_hal_tim.o
HAL_TIM_ConfigOCrefClear                          build/stm32f4xx_hal_tim.o
HAL_TIM_ConfigTI1Input                            build/stm32f4xx_hal_tim.o
HAL_TIM_DMABurstState                             build/stm32f4xx_hal_tim.o
HAL_TIM_DMABurst_MultiReadStart                   build/stm32f4xx_hal_tim.o
HAL_TIM_DMABurst_MultiWriteStart                  build/stm32f4xx_hal_tim.o
HAL_TIM_DMABurst_ReadStart                        build/stm32f4xx_hal_tim.o
HAL_TIM_DMABurst_ReadStop                         build/stm32f4xx_hal_tim.o
HAL_TIM_DMABurst_WriteStart                       build/stm32f4xx_hal_tim.o
HAL_TIM_DMABurst_WriteStop                        build/stm32f4xx_hal_tim.o
HAL_TIM_Encoder_DeInit                            build/stm32f4xx_hal_tim.o
HAL_TIM_Encoder_GetState                          build/stm32f4xx_hal_tim.o
HAL_TIM_Encoder_Init                              build/stm32f4xx_hal_tim.o
HAL_TIM_Encoder_MspDeInit                         build/stm32f4xx_hal_tim.o
HAL_TIM_Encoder_MspInit                           build/stm32f4xx_hal_tim.o
HAL_TIM_Encoder_Start                             build/stm32f4xx_hal_tim.o
HAL_TIM_Encoder_Start_DMA                         build/stm32f4xx_hal_tim.o
HAL_TIM_Encoder_Start_IT                          build/stm32f4xx_hal_tim.o
HAL_TIM_Encoder_Stop                              build/stm32f4xx_hal_tim.o
HAL_TIM_Encoder_Stop_DMA                          build/stm32f4xx_hal_tim.o
HAL_TIM_Encoder_Stop_IT                           build/stm32f4xx_hal_tim.o
HAL_TIM_ErrorCallback                             build/stm32f4xx_hal_tim.o
                                                  build/stm32f4xx_hal_tim_ex.o
HAL_TIM_GenerateEvent                             build/stm32f4xx_hal_tim.o
HAL_TIM_GetActiveChannel                          build/stm32f4xx_hal_tim.o
HAL_TIM_GetChannelState                           build/stm32f4xx_hal_tim.o
HAL_TIM_IC_CaptureCallback                        build/stm32f4xx_hal_tim.o
HAL_TIM_IC_CaptureHalfCpltCallback                build/stm32f4xx_hal_tim.o
HAL_TIM_IC_ConfigChannel                          build/stm32f4xx_hal_tim.o
HAL_TIM_IC_DeInit                                 build/stm32f4xx_hal_tim.o
HAL_TIM_IC_GetState                               build/stm32f4xx_hal_tim.o
HAL_TIM_IC_Init                                   build/stm32f4xx_hal_tim.o
HAL_TIM_IC_MspDeInit                              build/stm32f4xx_hal_tim.o
HAL_TIM_IC_MspInit                                build/stm32f4xx_hal_tim.o
HAL_TIM_IC_Start                                  build/stm32f4xx_hal_tim.o
HAL_TIM_IC_Start_DMA                              build/stm32f4xx_hal_tim.o
HAL_TIM_IC_Start_IT                               build/stm32f4xx_hal_tim.o
HAL_TIM_IC_Stop                                   build/stm32f4xx_hal_tim.o
HAL_TIM_IC_Stop_DMA                               build/stm32f4xx_hal_tim.o
HAL_TIM_IC_Stop_IT                                build/stm32f4xx_hal_tim.o
HAL_TIM_IRQHandler                                build/stm32f4xx_hal_tim.o
                                                  build/stm32f4xx_it.o
HAL_TIM_OC_ConfigChannel                          build/stm32f4xx_hal_tim.o
HAL_TIM_OC_DeInit                                 build/stm32f4xx_hal_tim.o
HAL_TIM_OC_DelayElapsedCallback                   build/stm32f4xx_hal_tim.o
HAL_TIM_OC_GetState                               build/stm32f4xx_hal_tim.o
HAL_TIM_OC_Init                                   build/stm32f4xx_hal_tim.o
HAL_TIM_OC_MspDeInit                              build/stm32f4xx_hal_tim.o
HAL_TIM_OC_MspInit                                build/stm32f4xx_hal_tim.o
HAL_TIM_OC_Start                                  build/stm32f4xx_hal_tim.o
HAL_TIM_OC_Start_DMA                              build/stm32f4xx_hal_tim.o
HAL_TIM_OC_Start_IT                               build/stm32f4xx_hal_tim.o
HAL_TIM_OC_Stop                                   build/stm32f4xx_hal_tim.o
HAL_TIM_OC_Stop_DMA                               build/stm32f4xx_hal_tim.o
HAL_TIM_OC_Stop_IT                                build/stm32f4xx_hal_tim.o
HAL_TIM_OnePulse_ConfigChannel                    build/stm32f4xx_hal_tim.o
HAL_TIM_OnePulse_DeInit                           build/stm32f4xx_hal_tim.o
HAL_TIM_OnePulse_GetState                         build/stm32f4xx_hal_tim.o
HAL_TIM_OnePulse_Init                             build/stm32f4xx_hal_tim.o
HAL_TIM_OnePulse_MspDeInit                        build/stm32f4xx_hal_tim.o
HAL_TIM_OnePulse_MspInit                          build/stm32f4xx_hal_tim.o
HAL_TIM_OnePulse_Start                            build/stm32f4xx_hal_tim.o
HAL_TIM_OnePulse_Start_IT                         build/stm32f4xx_hal_tim.o
HAL_TIM_OnePulse_Stop                             build/stm32f4xx_hal_tim.o
HAL_TIM_OnePulse_Stop_IT                          build/stm32f4xx_hal_tim.o
HAL_TIM_PWM_ConfigChannel                         build/stm32f4xx_hal_tim.o
HAL_TIM_PWM_DeInit                                build/stm32f4xx_hal_tim.o
HAL_TIM_PWM_GetState                              build/stm32f4xx_hal_tim.o
HAL_TIM_PWM_Init                                  build/stm32f4xx_hal_tim.o
HAL_TIM_PWM_MspDeInit                             build/stm32f4xx_hal_tim.o
HAL_TIM_PWM_MspInit                               build/stm32f4xx_hal_tim.o
HAL_TIM_PWM_PulseFinishedCallback                 build/stm32f4xx_hal_tim.o
                                                  build/stm32f4xx_hal_tim_ex.o
HAL_TIM_PWM_PulseFinishedHalfCpltCallback         build/stm32f4xx_hal_tim.o
HAL_TIM_PWM_Start                                 build/stm32f4xx_hal_tim.o
HAL_TIM_PWM_Start_DMA                             build/stm32f4xx_hal_tim.o
HAL_TIM_PWM_Start_IT                              build/stm32f4xx_hal_tim.o
HAL_TIM_PWM_Stop                                  build/stm32f4xx_hal_tim.o
HAL_TIM_PWM_Stop_DMA                              build/stm32f4xx_hal_tim.o
HAL_TIM_PWM_Stop_IT                               build/stm32f4xx_hal_tim.o
HAL_TIM_PeriodElapsedCallback                     build/main.o
HAL_TIM_PeriodElapsedHalfCpltCallback             build/stm32f4xx_hal_tim.o
HAL_TIM_ReadCapturedValue                         build/stm32f4xx_hal_tim.o
HAL_TIM_SlaveConfigSynchro                        build/stm32f4xx_hal_tim.o
HAL_TIM_SlaveConfigSynchro_IT                     build/stm32f4xx_hal_tim.o
HAL_TIM_TriggerCallback                           build/stm32f4xx_hal_tim.o
HAL_TIM_TriggerHalfCpltCallback                   build/stm32f4xx_hal_tim.o
HAL_UARTEx_GetRxEventType                         build/stm32f4xx_hal_uart.o
HAL_UARTEx_ReceiveToIdle                          build/stm32f4xx_hal_uart.o
HAL_UARTEx_ReceiveToIdle_DMA                      build/stm32f4xx_hal_uart.o
HAL_UARTEx_ReceiveToIdle_IT                       build/stm32f4xx_hal_uart.o
HAL_UARTEx_RxEventCallback                        build/stm32f4xx_hal_uart.o
HAL_UART_Abort                                    build/stm32f4xx_hal_uart.o
HAL_UART_AbortCpltCallback                        build/stm32f4xx_hal_uart.o
HAL_UART_AbortReceive                             build/stm32f4xx_hal_uart.o
HAL_UART_AbortReceiveCpltCallback                 build/stm32f4xx_hal_uart.o
HAL_UART_AbortReceive_IT                          build/stm32f4xx_hal_uart.o
HAL_UART_AbortTransmit                            build/stm32f4xx_hal_uart.o
HAL_UART_AbortTransmitCpltCallback                build/stm32f4xx_hal_uart.o
HAL_UART_AbortTransmit_IT                         build/stm32f4xx_hal_uart.o
HAL_UART_Abort_IT                                 build/stm32f4xx_hal_uart.o
HAL_UART_DMAPause                                 build/stm32f4xx_hal_uart.o
HAL_UART_DMAResume                                build/stm32f4xx_hal_uart.o
HAL_UART_DMAStop                                  build/stm32f4xx_hal_uart.o
HAL_UART_DeInit                                   build/stm32f4xx_hal_uart.o
HAL_UART_ErrorCallback                            build/stm32f4xx_hal_uart.o
HAL_UART_GetError                                 build/stm32f4xx_hal_uart.o
HAL_UART_GetState                                 build/stm32f4xx_hal_uart.o
HAL_UART_IRQHandler                               build/stm32f4xx_hal_uart.o
                                                  build/stm32f4xx_it.o
HAL_UART_Init                                     build/stm32f4xx_hal_uart.o
                                                  build/usart.o
HAL_UART_MspDeInit                                build/usart.o
HAL_UART_MspInit                                  build/usart.o
HAL_UART_Receive                                  build/stm32f4xx_hal_uart.o
HAL_UART_Receive_DMA                              build/stm32f4xx_hal_uart.o
HAL_UART_Receive_IT                               build/stm32f4xx_hal_uart.o
HAL_UART_RxCpltCallback                           build/stm32f4xx_hal_uart.o
HAL_UART_RxHalfCpltCallback                       build/stm32f4xx_hal_uart.o
HAL_UART_Transmit                                 build/stm32f4xx_hal_uart.o
HAL_UART_Transmit_DMA                             build/stm32f4xx_hal_uart.o
HAL_UART_Transmit_IT                              build/stm32f4xx_hal_uart.o
                                                  build/main.o
HAL_UART_TxCpltCallback                           build/main.o
HAL_UART_TxHalfCpltCallback                       build/stm32f4xx_hal_uart.o
HardFault_Handler                                 build/stm32f4xx_it.o
I2C1_ER_IRQHandler                                build/startup_stm32f401xe.o
I2C1_EV_IRQHandler                                build/startup_stm32f401xe.o
I2C2_ER_IRQHandler                                build/startup_stm32f401xe.o
I2C2_EV_IRQHandler                                build/startup_stm32f401xe.o
I2C3_ER_IRQHandler                                build/startup_stm32f401xe.o
I2C3_EV_IRQHandler                                build/startup_stm32f401xe.o
MX_GPIO_Init                                      build/gpio.o
                                                  build/main.o
MX_RTC_Init                                       build/rtc.o
                                                  build/main.o
MX_USART2_UART_Init                               build/usart.o
                                                  build/main.o
MemManage_Handler                                 build/stm32f4xx_it.o
NMI_Handler                                       build/stm32f4xx_it.o
OTG_FS_IRQHandler                                 build/startup_stm32f401xe.o
OTG_FS_WKUP_IRQHandler                            build/startup_stm32f401xe.o
PVD_IRQHandler                                    build/startup_stm32f401xe.o
PendSV_Handler                                    build/stm32f4xx_it.o
RCC_IRQHandler                                    build/startup_stm32f401xe.o
RTC_Alarm_IRQHandler                              build/startup_stm32f401xe.o
RTC_Bcd2ToByte                                    build/stm32f4xx_hal_rtc.o
                                                  build/stm32f4xx_hal_rtc_ex.o
RTC_ByteToBcd2                                    build/stm32f4xx_hal_rtc.o
RTC_EnterInitMode                                 build/stm32f4xx_hal_rtc.o
                                                  build/stm32f4xx_hal_rtc_ex.o
RTC_ExitInitMode                                  build/stm32f4xx_hal_rtc.o
                                                  build/stm32f4xx_hal_rtc_ex.o
RTC_WKUP_IRQHandler                               build/startup_stm32f401xe.o
Reset_Handler                                     build/startup_stm32f401xe.o
SDIO_IRQHandler                                   build/startup_stm32f401xe.o
SPI1_IRQHandler                                   build/startup_stm32f401xe.o
SPI2_IRQHandler                                   build/startup_stm32f401xe.o
SPI3_IRQHandler                                   build/startup_stm32f401xe.o
SPI4_IRQHandler                                   build/startup_stm32f401xe.o
SVC_Handler                                       build/stm32f4xx_it.o
SysTick_Handler                                   build/stm32f4xx_it.o
SystemClock_Config                                build/main.o
SystemCoreClock                                   build/system_stm32f4xx.o
                                                  build/stm32f4xx_hal.o
                                                  build/stm32f4xx_hal_dma.o
                                                  build/stm32f4xx_hal_rcc_ex.o
                                                  build/stm32f4xx_hal_rcc.o
                                                  build/stm32f4xx_hal_rtc_ex.o
                                                  build/stm32f4xx_hal_rtc.o
SystemCoreClockUpdate                             build/system_stm32f4xx.o
SystemInit                                        build/system_stm32f4xx.o
                                                  build/startup_stm32f401xe.o
TAMP_STAMP_IRQHandler                             build/startup_stm32f401xe.o
TIM1_BRK_TIM9_IRQHandler                          build/startup_stm32f401xe.o
TIM1_CC_IRQHandler                                build/startup_stm32f401xe.o
TIM1_TRG_COM_TIM11_IRQHandler                     build/startup_stm32f401xe.o
TIM1_UP_TIM10_IRQHandler                          build/startup_stm32f401xe.o
TIM2_IRQHandler                                   build/startup_stm32f401xe.o
TIM3_IRQHandler                                   build/startup_stm32f401xe.o
TIM4_IRQHandler                                   build/startup_stm32f401xe.o
TIM5_IRQHandler                                   build/stm32f4xx_it.o
TIMEx_DMACommutationCplt                          build/stm32f4xx_hal_tim_ex.o
                                                  build/stm32f4xx_hal_tim.o
TIMEx_DMACommutationHalfCplt                      build/stm32f4xx_hal_tim_ex.o
                                                  build/stm32f4xx_hal_tim.o
TIM_Base_SetConfig                                build/stm32f4xx_hal_tim.o
                                                  build/stm32f4xx_hal_tim_ex.o
TIM_CCxChannelCmd                                 build/stm32f4xx_hal_tim.o
                                                  build/stm32f4xx_hal_tim_ex.o
TIM_DMACaptureCplt                                build/stm32f4xx_hal_tim.o
                                                  build/stm32f4xx_hal_tim_ex.o
TIM_DMACaptureHalfCplt                            build/stm32f4xx_hal_tim.o
                                                  build/stm32f4xx_hal_tim_ex.o
TIM_DMADelayPulseHalfCplt                         build/stm32f4xx_hal_tim.o
                                                  build/stm32f4xx_hal_tim_ex.o
TIM_DMAError                                      build/stm32f4xx_hal_tim.o
                                                  build/stm32f4xx_hal_tim_ex.o
TIM_ETR_SetConfig                                 build/stm32f4xx_hal_tim.o
TIM_OC2_SetConfig                                 build/stm32f4xx_hal_tim.o
                                                  build/stm32f4xx_hal_tim_ex.o
TIM_TI1_SetConfig                                 build/stm32f4xx_hal_tim.o
                                                  build/stm32f4xx_hal_tim_ex.o
UART_Start_Receive_DMA                            build/stm32f4xx_hal_uart.o
UART_Start_Receive_IT                             build/stm32f4xx_hal_uart.o
USART1_IRQHandler                                 build/startup_stm32f401xe.o
USART2_IRQHandler                                 build/stm32f4xx_it.o
USART6_IRQHandler                                 build/startup_stm32f401xe.o
UsageFault_Handler                                build/stm32f4xx_it.o
WWDG_IRQHandler                                   build/startup_stm32f401xe.o
__aeabi_idiv0                                     c:/st/stm32cubeclt/gnu-tools-for-stm32/bin/../lib/gcc/arm-none-eabi/10.3.1/thumb/v7e-m+fp/hard\libgcc.a(_dvmd_tls.o)
__aeabi_ldiv0                                     c:/st/stm32cubeclt/gnu-tools-for-stm32/bin/../lib/gcc/arm-none-eabi/10.3.1/thumb/v7e-m+fp/hard\libgcc.a(_dvmd_tls.o)
                                                  c:/st/stm32cubeclt/gnu-tools-for-stm32/bin/../lib/gcc/arm-none-eabi/10.3.1/thumb/v7e-m+fp/hard\libgcc.a(_aeabi_uldivmod.o)
__aeabi_uldivmod                                  c:/st/stm32cubeclt/gnu-tools-for-stm32/bin/../lib/gcc/arm-none-eabi/10.3.1/thumb/v7e-m+fp/hard\libgcc.a(_aeabi_uldivmod.o)
                                                  build/stm32f4xx_hal_uart.o
                                                  build/stm32f4xx_hal_rcc.o
__bss_end__                                       c:/st/stm32cubeclt/gnu-tools-for-stm32/bin/../lib/gcc/arm-none-eabi/10.3.1/../../../../arm-none-eabi/lib/thumb/v7e-m+fp/hard/crt0.o
__bss_start__                                     c:/st/stm32cubeclt/gnu-tools-for-stm32/bin/../lib/gcc/arm-none-eabi/10.3.1/../../../../arm-none-eabi/lib/thumb/v7e-m+fp/hard/crt0.o
__call_exitprocs                                  c:/st/stm32cubeclt/gnu-tools-for-stm32/bin/../lib/gcc/arm-none-eabi/10.3.1/../../../../arm-none-eabi/lib/thumb/v7e-m+fp/hard\libc_nano.a(lib_a-exit.o)
__deregister_frame_info                           c:/st/stm32cubeclt/gnu-tools-for-stm32/bin/../lib/gcc/arm-none-eabi/10.3.1/thumb/v7e-m+fp/hard/crtbegin.o
__dso_handle                                      c:/st/stm32cubeclt/gnu-tools-for-stm32/bin/../lib/gcc/arm-none-eabi/10.3.1/thumb/v7e-m+fp/hard/crtbegin.o
__init_array_end                                  c:/st/stm32cubeclt/gnu-tools-for-stm32/bin/../lib/gcc/arm-none-eabi/10.3.1/../../../../arm-none-eabi/lib/thumb/v7e-m+fp/hard\libc_nano.a(lib_a-init.o)
__init_array_start                                c:/st/stm32cubeclt/gnu-tools-for-stm32/bin/../lib/gcc/arm-none-eabi/10.3.1/../../../../arm-none-eabi/lib/thumb/v7e-m+fp/hard\libc_nano.a(lib_a-init.o)
__libc_fini_array                                 c:/st/stm32cubeclt/gnu-tools-for-stm32/bin/../lib/gcc/arm-none-eabi/10.3.1/../../../../arm-none-eabi/lib/thumb/v7e-m+fp/hard/crt0.o
__libc_init_array                                 c:/st/stm32cubeclt/gnu-tools-for-stm32/bin/../lib/gcc/arm-none-eabi/10.3.1/../../../../arm-none-eabi/lib/thumb/v7e-m+fp/hard\libc_nano.a(lib_a-init.o)
                                                  build/startup_stm32f401xe.o
                                                  c:/st/stm32cubeclt/gnu-tools-for-stm32/bin/../lib/gcc/arm-none-eabi/10.3.1/../../../../arm-none-eabi/lib/thumb/v7e-m+fp/hard/crt0.o
__preinit_array_end                               c:/st/stm32cubeclt/gnu-tools-for-stm32/bin/../lib/gcc/arm-none-eabi/10.3.1/../../../../arm-none-eabi/lib/thumb/v7e-m+fp/hard\libc_nano.a(lib_a-init.o)
__preinit_array_start                             c:/st/stm32cubeclt/gnu-tools-for-stm32/bin/../lib/gcc/arm-none-eabi/10.3.1/../../../../arm-none-eabi/lib/thumb/v7e-m+fp/hard\libc_nano.a(lib_a-init.o)
__register_frame_info                             c:/st/stm32cubeclt/gnu-tools-for-stm32/bin/../lib/gcc/arm-none-eabi/10.3.1/thumb/v7e-m+fp/hard/crtbegin.o
__sf_fake_stderr                                  c:/st/stm32cubeclt/gnu-tools-for-stm32/bin/../lib/gcc/arm-none-eabi/10.3.1/../../../../arm-none-eabi/lib/thumb/v7e-m+fp/hard\libc_nano.a(lib_a-impure.o)
__sf_fake_stdin                                   c:/st/stm32cubeclt/gnu-tools-for-stm32/bin/../lib/gcc/arm-none-eabi/10.3.1/../../../../arm-none-eabi/lib/thumb/v7e-m+fp/hard\libc_nano.a(lib_a-impure.o)
__sf_fake_stdout                                  c:/st/stm32cubeclt/gnu-tools-for-stm32/bin/../lib/gcc/arm-none-eabi/10.3.1/../../../../arm-none-eabi/lib/thumb/v7e-m+fp/hard\libc_nano.a(lib_a-impure.o)
__stack                                           c:/st/stm32cubeclt/gnu-tools-for-stm32/bin/../lib/gcc/arm-none-eabi/10.3.1/../../../../arm-none-eabi/lib/thumb/v7e-m+fp/hard/crt0.o
__udivmoddi4                                      c:/st/stm32cubeclt/gnu-tools-for-stm32/bin/../lib/gcc/arm-none-eabi/10.3.1/thumb/v7e-m+fp/hard\libgcc.a(_udivmoddi4.o)
                                                  c:/st/stm32cubeclt/gnu-tools-for-stm32/bin/../lib/gcc/arm-none-eabi/10.3.1/thumb/v7e-m+fp/hard\libgcc.a(_aeabi_uldivmod.o)
_ebss                                             build/startup_stm32f401xe.o
_edata                                            build/startup_stm32f401xe.o
_estack                                           build/startup_stm32f401xe.o
_exit                                             c:/st/stm32cubeclt/gnu-tools-for-stm32/bin/../lib/gcc/arm-none-eabi/10.3.1/../../../../arm-none-eabi/lib/thumb/v7e-m+fp/hard\libnosys.a(_exit.o)
                                                  c:/st/stm32cubeclt/gnu-tools-for-stm32/bin/../lib/gcc/arm-none-eabi/10.3.1/../../../../arm-none-eabi/lib/thumb/v7e-m+fp/hard\libc_nano.a(lib_a-exit.o)
_fini                                             c:/st/stm32cubeclt/gnu-tools-for-stm32/bin/../lib/gcc/arm-none-eabi/10.3.1/thumb/v7e-m+fp/hard/crti.o
_global_impure_ptr                                c:/st/stm32cubeclt/gnu-tools-for-stm32/bin/../lib/gcc/arm-none-eabi/10.3.1/../../../../arm-none-eabi/lib/thumb/v7e-m+fp/hard\libc_nano.a(lib_a-impure.o)
                                                  c:/st/stm32cubeclt/gnu-tools-for-stm32/bin/../lib/gcc/arm-none-eabi/10.3.1/../../../../arm-none-eabi/lib/thumb/v7e-m+fp/hard\libc_nano.a(lib_a-exit.o)
_impure_ptr                                       c:/st/stm32cubeclt/gnu-tools-for-stm32/bin/../lib/gcc/arm-none-eabi/10.3.1/../../../../arm-none-eabi/lib/thumb/v7e-m+fp/hard\libc_nano.a(lib_a-impure.o)
_init                                             c:/st/stm32cubeclt/gnu-tools-for-stm32/bin/../lib/gcc/arm-none-eabi/10.3.1/thumb/v7e-m+fp/hard/crti.o
                                                  c:/st/stm32cubeclt/gnu-tools-for-stm32/bin/../lib/gcc/arm-none-eabi/10.3.1/../../../../arm-none-eabi/lib/thumb/v7e-m+fp/hard\libc_nano.a(lib_a-init.o)
_mainCRTStartup                                   c:/st/stm32cubeclt/gnu-tools-for-stm32/bin/../lib/gcc/arm-none-eabi/10.3.1/../../../../arm-none-eabi/lib/thumb/v7e-m+fp/hard/crt0.o
_sbss                                             build/startup_stm32f401xe.o
_sdata                                            build/startup_stm32f401xe.o
_sidata                                           build/startup_stm32f401xe.o
_stack_init                                       c:/st/stm32cubeclt/gnu-tools-for-stm32/bin/../lib/gcc/arm-none-eabi/10.3.1/../../../../arm-none-eabi/lib/thumb/v7e-m+fp/hard/crt0.o
_start                                            c:/st/stm32cubeclt/gnu-tools-for-stm32/bin/../lib/gcc/arm-none-eabi/10.3.1/../../../../arm-none-eabi/lib/thumb/v7e-m+fp/hard/crt0.o